[01:19:15] puredriver-1: cinderci-fa2 (10.241.127.20)
[01:19:15] puredriver-2: cinderci-fa1 (10.241.127.14)
[01:19:15] run prefix '6cf511-'; assisted peer configured: False
[01:19:19] migration targets: np0000045616@puredriver-1#puredriver-1 -> np0000045616@puredriver-2#puredriver-2
[01:19:19] driver under test has no assisted migration support; only the generic-path migration is exercised
[01:19:19] === phase: migrate
[01:19:24]   volume 66dfdcc3-87aa-4776-ad53-79796077ce23: status=downloading migstat=None host=np0000045616@puredriver-1#puredriver-1
[01:19:49]   volume 66dfdcc3-87aa-4776-ad53-79796077ce23: status=available migstat=None host=np0000045616@puredriver-1#puredriver-1
[01:19:49]   ok: 6cf511-66dfdcc3-87aa-4776-ad53-79796077ce23-cinder exists on cinderci-fa2 before migration
[01:19:51]   volume 66dfdcc3-87aa-4776-ad53-79796077ce23: status=available migstat=None host=np0000045616@puredriver-1#puredriver-1
[01:20:08]   volume 66dfdcc3-87aa-4776-ad53-79796077ce23: status=available migstat=None host=np0000045616@puredriver-1#puredriver-1
[01:20:09]   mig-before-6cf511-img: df02e72ba5a4221c7718508aac75d127
[01:20:12]   volume 66dfdcc3-87aa-4776-ad53-79796077ce23: status=available migstat=migrating host=np0000045616@puredriver-1#puredriver-1
[01:20:24]   volume 66dfdcc3-87aa-4776-ad53-79796077ce23: status=available migstat=success host=np0000045616@puredriver-2#puredriver-2
[01:20:24]   migrated in 15s
[01:20:24]   ok: no assisted path without a configured peer
[01:20:24]   ok: no replica snapshot left on cinderci-fa1
[01:20:41]   volume 66dfdcc3-87aa-4776-ad53-79796077ce23: status=available migstat=success host=np0000045616@puredriver-2#puredriver-2
[01:20:42]   mig-after-6cf511-img: df02e72ba5a4221c7718508aac75d127
[01:20:42]   ok: volume content unchanged by the migration (df02e72ba5a4221c7718508aac75d127 vs df02e72ba5a4221c7718508aac75d127)
[01:20:46] all migration checks passed: {"migrate_seconds": 15.0}
