[17:16:08] puredriver-1: cinderci-fa2 (10.241.127.20)
[17:16:08] puredriver-2: cinderci-fa1 (10.241.127.14)
[17:16:08] run prefix 'cd515a-'; assisted peer configured: False
[17:16:12] migration targets: np0000047275@puredriver-1#puredriver-1 -> np0000047275@puredriver-2#puredriver-2
[17:16:12] driver under test has no assisted migration support; only the generic-path migration is exercised
[17:16:12] === phase: migrate
[17:16:18]   volume f0de57cd-2867-4c5e-8219-81af06cbc058: status=downloading migstat=None host=np0000047275@puredriver-1#puredriver-1
[17:16:43]   volume f0de57cd-2867-4c5e-8219-81af06cbc058: status=available migstat=None host=np0000047275@puredriver-1#puredriver-1
[17:16:43]   ok: cd515a-f0de57cd-2867-4c5e-8219-81af06cbc058-cinder exists on cinderci-fa2 before migration
[17:16:45]   volume f0de57cd-2867-4c5e-8219-81af06cbc058: status=available migstat=None host=np0000047275@puredriver-1#puredriver-1
[17:17:02]   volume f0de57cd-2867-4c5e-8219-81af06cbc058: status=available migstat=None host=np0000047275@puredriver-1#puredriver-1
[17:17:04]   mig-before-cd515a-img: df02e72ba5a4221c7718508aac75d127
[17:17:06]   volume f0de57cd-2867-4c5e-8219-81af06cbc058: status=available migstat=migrating host=np0000047275@puredriver-1#puredriver-1
[17:17:38]   volume f0de57cd-2867-4c5e-8219-81af06cbc058: status=available migstat=success host=np0000047275@puredriver-2#puredriver-2
[17:17:38]   migrated in 34s
[17:17:38]   ok: no assisted path without a configured peer
[17:17:38]   ok: no replica snapshot left on cinderci-fa1
[17:17:54]   volume f0de57cd-2867-4c5e-8219-81af06cbc058: status=available migstat=success host=np0000047275@puredriver-2#puredriver-2
[17:17:56]   mig-after-cd515a-img: df02e72ba5a4221c7718508aac75d127
[17:17:56]   ok: volume content unchanged by the migration (df02e72ba5a4221c7718508aac75d127 vs df02e72ba5a4221c7718508aac75d127)
[17:18:00] all migration checks passed: {"migrate_seconds": 34.1}
