[23:51:05] puredriver-1: cinderci-fa2 (10.241.127.20)
[23:51:05] puredriver-2: cinderci-fa1 (10.241.127.14)
[23:51:05] run prefix '3f139c-'; assisted peer configured: False
[23:51:09] migration targets: np0000047137@puredriver-1#puredriver-1 -> np0000047137@puredriver-2#puredriver-2
[23:51:09] driver under test has no assisted migration support; only the generic-path migration is exercised
[23:51:09] === phase: migrate
[23:51:14]   volume ad8f6e43-9b01-4d96-9e92-22307828968f: status=downloading migstat=None host=np0000047137@puredriver-1#puredriver-1
[23:51:40]   volume ad8f6e43-9b01-4d96-9e92-22307828968f: status=available migstat=None host=np0000047137@puredriver-1#puredriver-1
[23:51:40]   ok: 3f139c-ad8f6e43-9b01-4d96-9e92-22307828968f-cinder exists on cinderci-fa2 before migration
[23:51:42]   volume ad8f6e43-9b01-4d96-9e92-22307828968f: status=available migstat=None host=np0000047137@puredriver-1#puredriver-1
[23:52:00]   volume ad8f6e43-9b01-4d96-9e92-22307828968f: status=available migstat=None host=np0000047137@puredriver-1#puredriver-1
[23:52:01]   mig-before-3f139c-img: df02e72ba5a4221c7718508aac75d127
[23:52:04]   volume ad8f6e43-9b01-4d96-9e92-22307828968f: status=available migstat=migrating host=np0000047137@puredriver-1#puredriver-1
[23:52:35]   volume ad8f6e43-9b01-4d96-9e92-22307828968f: status=available migstat=success host=np0000047137@puredriver-2#puredriver-2
[23:52:35]   migrated in 34s
[23:52:35]   ok: no assisted path without a configured peer
[23:52:35]   ok: no replica snapshot left on cinderci-fa1
[23:52:52]   volume ad8f6e43-9b01-4d96-9e92-22307828968f: status=available migstat=success host=np0000047137@puredriver-2#puredriver-2
[23:52:53]   mig-after-3f139c-img: df02e72ba5a4221c7718508aac75d127
[23:52:53]   ok: volume content unchanged by the migration (df02e72ba5a4221c7718508aac75d127 vs df02e72ba5a4221c7718508aac75d127)
[23:52:57] all migration checks passed: {"migrate_seconds": 34.0}
