[05:35:33] puredriver-1: cinderci-fa2 (10.241.127.20)
[05:35:33] puredriver-2: cinderci-fa1 (10.241.127.14)
[05:35:33] run prefix '6dc4ce-'; assisted peer configured: False
[05:35:37] migration targets: np0000046337@puredriver-1#puredriver-1 -> np0000046337@puredriver-2#puredriver-2
[05:35:37] driver under test has no assisted migration support; only the generic-path migration is exercised
[05:35:37] === phase: migrate
[05:35:42]   volume 41859218-3233-4d62-b320-0c714022d6e4: status=downloading migstat=None host=np0000046337@puredriver-1#puredriver-1
[05:36:07]   volume 41859218-3233-4d62-b320-0c714022d6e4: status=available migstat=None host=np0000046337@puredriver-1#puredriver-1
[05:36:07]   ok: 6dc4ce-41859218-3233-4d62-b320-0c714022d6e4-cinder exists on cinderci-fa2 before migration
[05:36:10]   volume 41859218-3233-4d62-b320-0c714022d6e4: status=available migstat=None host=np0000046337@puredriver-1#puredriver-1
[05:36:27]   volume 41859218-3233-4d62-b320-0c714022d6e4: status=available migstat=None host=np0000046337@puredriver-1#puredriver-1
[05:36:28]   mig-before-6dc4ce-img: df02e72ba5a4221c7718508aac75d127
[05:36:30]   volume 41859218-3233-4d62-b320-0c714022d6e4: status=available migstat=migrating host=np0000046337@puredriver-1#puredriver-1
[05:37:08]   volume 41859218-3233-4d62-b320-0c714022d6e4: status=available migstat=success host=np0000046337@puredriver-2#puredriver-2
[05:37:08]   migrated in 40s
[05:37:08]   ok: no assisted path without a configured peer
[05:37:08]   ok: no replica snapshot left on cinderci-fa1
[05:37:25]   volume 41859218-3233-4d62-b320-0c714022d6e4: status=available migstat=success host=np0000046337@puredriver-2#puredriver-2
[05:37:26]   mig-after-6dc4ce-img: df02e72ba5a4221c7718508aac75d127
[05:37:26]   ok: volume content unchanged by the migration (df02e72ba5a4221c7718508aac75d127 vs df02e72ba5a4221c7718508aac75d127)
[05:37:30] all migration checks passed: {"migrate_seconds": 40.3}
