[07:46:56] puredriver-1: cinderci-fa2 (10.241.127.20)
[07:46:56] puredriver-2: cinderci-fa1 (10.241.127.14)
[07:46:56] run prefix 'd2c71b-'; assisted peer configured: False
[07:47:00] migration targets: np0000046916@puredriver-1#puredriver-1 -> np0000046916@puredriver-2#puredriver-2
[07:47:00] driver under test has no assisted migration support; only the generic-path migration is exercised
[07:47:00] === phase: migrate
[07:47:06]   volume a42b4c0d-a89e-4a51-9e2d-6d6328f03f6c: status=downloading migstat=None host=np0000046916@puredriver-1#puredriver-1
[07:47:31]   volume a42b4c0d-a89e-4a51-9e2d-6d6328f03f6c: status=available migstat=None host=np0000046916@puredriver-1#puredriver-1
[07:47:31]   ok: d2c71b-a42b4c0d-a89e-4a51-9e2d-6d6328f03f6c-cinder exists on cinderci-fa2 before migration
[07:47:34]   volume a42b4c0d-a89e-4a51-9e2d-6d6328f03f6c: status=available migstat=None host=np0000046916@puredriver-1#puredriver-1
[07:47:50]   volume a42b4c0d-a89e-4a51-9e2d-6d6328f03f6c: status=available migstat=None host=np0000046916@puredriver-1#puredriver-1
[07:47:51]   mig-before-d2c71b-img: df02e72ba5a4221c7718508aac75d127
[07:47:54]   volume a42b4c0d-a89e-4a51-9e2d-6d6328f03f6c: status=available migstat=migrating host=np0000046916@puredriver-1#puredriver-1
[07:48:26]   volume a42b4c0d-a89e-4a51-9e2d-6d6328f03f6c: status=available migstat=success host=np0000046916@puredriver-2#puredriver-2
[07:48:26]   migrated in 34s
[07:48:26]   ok: no assisted path without a configured peer
[07:48:26]   ok: no replica snapshot left on cinderci-fa1
[07:48:42]   volume a42b4c0d-a89e-4a51-9e2d-6d6328f03f6c: status=available migstat=success host=np0000046916@puredriver-2#puredriver-2
[07:48:43]   mig-after-d2c71b-img: df02e72ba5a4221c7718508aac75d127
[07:48:43]   ok: volume content unchanged by the migration (df02e72ba5a4221c7718508aac75d127 vs df02e72ba5a4221c7718508aac75d127)
[07:48:47] all migration checks passed: {"migrate_seconds": 34.1}
