[05:07:03] puredriver-1: cinderci-fa2 (10.241.127.20)
[05:07:03] puredriver-2: cinderci-fa1 (10.241.127.14)
[05:07:03] run prefix '918afa-'; assisted peer configured: False
[05:07:07] migration targets: np0000046907@puredriver-1#puredriver-1 -> np0000046907@puredriver-2#puredriver-2
[05:07:07] driver under test has no assisted migration support; only the generic-path migration is exercised
[05:07:07] === phase: migrate
[05:07:12]   volume 8916c0dd-9c29-47b4-90e9-78b2c68176d5: status=downloading migstat=None host=np0000046907@puredriver-1#puredriver-1
[05:07:18]   volume 8916c0dd-9c29-47b4-90e9-78b2c68176d5: status=available migstat=None host=np0000046907@puredriver-1#puredriver-1
[05:07:18]   ok: 918afa-8916c0dd-9c29-47b4-90e9-78b2c68176d5-cinder exists on cinderci-fa2 before migration
[05:07:21]   volume 8916c0dd-9c29-47b4-90e9-78b2c68176d5: status=available migstat=None host=np0000046907@puredriver-1#puredriver-1
[05:07:38]   volume 8916c0dd-9c29-47b4-90e9-78b2c68176d5: status=available migstat=None host=np0000046907@puredriver-1#puredriver-1
[05:07:39]   mig-before-918afa-img: df02e72ba5a4221c7718508aac75d127
[05:07:42]   volume 8916c0dd-9c29-47b4-90e9-78b2c68176d5: status=available migstat=migrating host=np0000046907@puredriver-1#puredriver-1
[05:08:19]   volume 8916c0dd-9c29-47b4-90e9-78b2c68176d5: status=available migstat=success host=np0000046907@puredriver-2#puredriver-2
[05:08:19]   migrated in 40s
[05:08:19]   ok: no assisted path without a configured peer
[05:08:19]   ok: no replica snapshot left on cinderci-fa1
[05:08:36]   volume 8916c0dd-9c29-47b4-90e9-78b2c68176d5: status=available migstat=success host=np0000046907@puredriver-2#puredriver-2
[05:08:37]   mig-after-918afa-img: df02e72ba5a4221c7718508aac75d127
[05:08:37]   ok: volume content unchanged by the migration (df02e72ba5a4221c7718508aac75d127 vs df02e72ba5a4221c7718508aac75d127)
[05:08:41] all migration checks passed: {"migrate_seconds": 40.1}
