[09:33:55] puredriver-1: cinderci-fa2 (10.241.127.20)
[09:33:55] puredriver-2: cinderci-fa1 (10.241.127.14)
[09:33:55] run prefix 'f94314-'; assisted peer configured: False
[09:33:59] migration targets: np0000047236@puredriver-1#puredriver-1 -> np0000047236@puredriver-2#puredriver-2
[09:33:59] driver under test has no assisted migration support; only the generic-path migration is exercised
[09:33:59] === phase: migrate
[09:34:05]   volume c7a5e854-77c5-4d44-9998-278fcc4c112f: status=downloading migstat=None host=np0000047236@puredriver-1#puredriver-1
[09:34:30]   volume c7a5e854-77c5-4d44-9998-278fcc4c112f: status=available migstat=None host=np0000047236@puredriver-1#puredriver-1
[09:34:30]   ok: f94314-c7a5e854-77c5-4d44-9998-278fcc4c112f-cinder exists on cinderci-fa2 before migration
[09:34:33]   volume c7a5e854-77c5-4d44-9998-278fcc4c112f: status=available migstat=None host=np0000047236@puredriver-1#puredriver-1
[09:34:49]   volume c7a5e854-77c5-4d44-9998-278fcc4c112f: status=available migstat=None host=np0000047236@puredriver-1#puredriver-1
[09:34:50]   mig-before-f94314-img: df02e72ba5a4221c7718508aac75d127
[09:34:53]   volume c7a5e854-77c5-4d44-9998-278fcc4c112f: status=available migstat=migrating host=np0000047236@puredriver-1#puredriver-1
[09:35:06]   volume c7a5e854-77c5-4d44-9998-278fcc4c112f: status=available migstat=success host=np0000047236@puredriver-2#puredriver-2
[09:35:06]   migrated in 15s
[09:35:06]   ok: no assisted path without a configured peer
[09:35:06]   ok: no replica snapshot left on cinderci-fa1
[09:35:22]   volume c7a5e854-77c5-4d44-9998-278fcc4c112f: status=available migstat=success host=np0000047236@puredriver-2#puredriver-2
[09:35:24]   mig-after-f94314-img: df02e72ba5a4221c7718508aac75d127
[09:35:24]   ok: volume content unchanged by the migration (df02e72ba5a4221c7718508aac75d127 vs df02e72ba5a4221c7718508aac75d127)
[09:35:28] all migration checks passed: {"migrate_seconds": 15.3}
