[10:46:23] puredriver-1: cinderci-fa2 (10.241.127.20)
[10:46:23] puredriver-2: cinderci-fa1 (10.241.127.14)
[10:46:23] run prefix '4fca5a-'; assisted peer configured: False
[10:46:27] migration targets: np0000046955@puredriver-1#puredriver-1 -> np0000046955@puredriver-2#puredriver-2
[10:46:27] driver under test has no assisted migration support; only the generic-path migration is exercised
[10:46:27] === phase: migrate
[10:46:32]   volume 111a1680-2951-4e60-b2eb-d81145f03169: status=downloading migstat=None host=np0000046955@puredriver-1#puredriver-1
[10:46:57]   volume 111a1680-2951-4e60-b2eb-d81145f03169: status=available migstat=None host=np0000046955@puredriver-1#puredriver-1
[10:46:57]   ok: 4fca5a-111a1680-2951-4e60-b2eb-d81145f03169-cinder exists on cinderci-fa2 before migration
[10:47:00]   volume 111a1680-2951-4e60-b2eb-d81145f03169: status=available migstat=None host=np0000046955@puredriver-1#puredriver-1
[10:47:17]   volume 111a1680-2951-4e60-b2eb-d81145f03169: status=available migstat=None host=np0000046955@puredriver-1#puredriver-1
[10:47:18]   mig-before-4fca5a-img: df02e72ba5a4221c7718508aac75d127
[10:47:21]   volume 111a1680-2951-4e60-b2eb-d81145f03169: status=available migstat=migrating host=np0000046955@puredriver-1#puredriver-1
[10:47:33]   volume 111a1680-2951-4e60-b2eb-d81145f03169: status=available migstat=success host=np0000046955@puredriver-2#puredriver-2
[10:47:33]   migrated in 15s
[10:47:33]   ok: no assisted path without a configured peer
[10:47:33]   ok: no replica snapshot left on cinderci-fa1
[10:47:50]   volume 111a1680-2951-4e60-b2eb-d81145f03169: status=available migstat=success host=np0000046955@puredriver-2#puredriver-2
[10:47:51]   mig-after-4fca5a-img: df02e72ba5a4221c7718508aac75d127
[10:47:51]   ok: volume content unchanged by the migration (df02e72ba5a4221c7718508aac75d127 vs df02e72ba5a4221c7718508aac75d127)
[10:47:55] all migration checks passed: {"migrate_seconds": 15.2}
