[13:11:48] puredriver-1: cinderci-fa2 (10.241.127.20)
[13:11:48] puredriver-2: cinderci-fa1 (10.241.127.14)
[13:11:48] run prefix 'a71a39-'; assisted peer configured: False
[13:11:52] migration targets: np0000047254@puredriver-1#puredriver-1 -> np0000047254@puredriver-2#puredriver-2
[13:11:52] driver under test has no assisted migration support; only the generic-path migration is exercised
[13:11:52] === phase: migrate
[13:11:58]   volume 10949578-e70f-4438-a85f-d8590f678cf3: status=downloading migstat=None host=np0000047254@puredriver-1#puredriver-1
[13:12:23]   volume 10949578-e70f-4438-a85f-d8590f678cf3: status=available migstat=None host=np0000047254@puredriver-1#puredriver-1
[13:12:23]   ok: a71a39-10949578-e70f-4438-a85f-d8590f678cf3-cinder exists on cinderci-fa2 before migration
[13:12:26]   volume 10949578-e70f-4438-a85f-d8590f678cf3: status=available migstat=None host=np0000047254@puredriver-1#puredriver-1
[13:12:42]   volume 10949578-e70f-4438-a85f-d8590f678cf3: status=available migstat=None host=np0000047254@puredriver-1#puredriver-1
[13:12:44]   mig-before-a71a39-img: df02e72ba5a4221c7718508aac75d127
[13:12:46]   volume 10949578-e70f-4438-a85f-d8590f678cf3: status=available migstat=migrating host=np0000047254@puredriver-1#puredriver-1
[13:13:18]   volume 10949578-e70f-4438-a85f-d8590f678cf3: status=available migstat=success host=np0000047254@puredriver-2#puredriver-2
[13:13:18]   migrated in 34s
[13:13:18]   ok: no assisted path without a configured peer
[13:13:18]   ok: no replica snapshot left on cinderci-fa1
[13:13:34]   volume 10949578-e70f-4438-a85f-d8590f678cf3: status=available migstat=success host=np0000047254@puredriver-2#puredriver-2
[13:13:36]   mig-after-a71a39-img: df02e72ba5a4221c7718508aac75d127
[13:13:36]   ok: volume content unchanged by the migration (df02e72ba5a4221c7718508aac75d127 vs df02e72ba5a4221c7718508aac75d127)
[13:13:40] all migration checks passed: {"migrate_seconds": 34.0}
