[01:23:00] puredriver-1: cinderci-fa2 (10.241.127.20)
[01:23:00] puredriver-2: cinderci-fa1 (10.241.127.14)
[01:23:00] run prefix 'e83d95-'; assisted peer configured: False
[01:23:04] migration targets: np0000046892@puredriver-1#puredriver-1 -> np0000046892@puredriver-2#puredriver-2
[01:23:04] driver under test has no assisted migration support; only the generic-path migration is exercised
[01:23:04] === phase: migrate
[01:23:10]   volume 297ae415-d871-450b-bef4-61a2f8c00622: status=downloading migstat=None host=np0000046892@puredriver-1#puredriver-1
[01:23:35]   volume 297ae415-d871-450b-bef4-61a2f8c00622: status=available migstat=None host=np0000046892@puredriver-1#puredriver-1
[01:23:35]   ok: e83d95-297ae415-d871-450b-bef4-61a2f8c00622-cinder exists on cinderci-fa2 before migration
[01:23:37]   volume 297ae415-d871-450b-bef4-61a2f8c00622: status=available migstat=None host=np0000046892@puredriver-1#puredriver-1
[01:23:55]   volume 297ae415-d871-450b-bef4-61a2f8c00622: status=available migstat=None host=np0000046892@puredriver-1#puredriver-1
[01:23:56]   mig-before-e83d95-img: df02e72ba5a4221c7718508aac75d127
[01:23:58]   volume 297ae415-d871-450b-bef4-61a2f8c00622: status=available migstat=migrating host=np0000046892@puredriver-1#puredriver-1
[01:24:30]   volume 297ae415-d871-450b-bef4-61a2f8c00622: status=available migstat=success host=np0000046892@puredriver-2#puredriver-2
[01:24:30]   migrated in 34s
[01:24:30]   ok: no assisted path without a configured peer
[01:24:30]   ok: no replica snapshot left on cinderci-fa1
[01:24:47]   volume 297ae415-d871-450b-bef4-61a2f8c00622: status=available migstat=success host=np0000046892@puredriver-2#puredriver-2
[01:24:48]   mig-after-e83d95-img: df02e72ba5a4221c7718508aac75d127
[01:24:48]   ok: volume content unchanged by the migration (df02e72ba5a4221c7718508aac75d127 vs df02e72ba5a4221c7718508aac75d127)
[01:24:52] all migration checks passed: {"migrate_seconds": 34.1}
