[05:28:43] puredriver-1: cinderci-fa2 (10.241.127.20)
[05:28:43] puredriver-2: cinderci-fa1 (10.241.127.14)
[05:28:43] run prefix '82be4c-'; assisted peer configured: False
[05:28:47] migration targets: np0000046432@puredriver-1#puredriver-1 -> np0000046432@puredriver-2#puredriver-2
[05:28:47] driver under test has no assisted migration support; only the generic-path migration is exercised
[05:28:47] === phase: migrate
[05:28:52]   volume ea43e106-39db-4f5b-929d-df118dec131f: status=downloading migstat=None host=np0000046432@puredriver-1#puredriver-1
[05:29:18]   volume ea43e106-39db-4f5b-929d-df118dec131f: status=available migstat=None host=np0000046432@puredriver-1#puredriver-1
[05:29:18]   ok: 82be4c-ea43e106-39db-4f5b-929d-df118dec131f-cinder exists on cinderci-fa2 before migration
[05:29:20]   volume ea43e106-39db-4f5b-929d-df118dec131f: status=available migstat=None host=np0000046432@puredriver-1#puredriver-1
[05:29:37]   volume ea43e106-39db-4f5b-929d-df118dec131f: status=available migstat=None host=np0000046432@puredriver-1#puredriver-1
[05:29:39]   mig-before-82be4c-img: df02e72ba5a4221c7718508aac75d127
[05:29:41]   volume ea43e106-39db-4f5b-929d-df118dec131f: status=available migstat=migrating host=np0000046432@puredriver-1#puredriver-1
[05:30:13]   volume ea43e106-39db-4f5b-929d-df118dec131f: status=available migstat=success host=np0000046432@puredriver-2#puredriver-2
[05:30:13]   migrated in 34s
[05:30:13]   ok: no assisted path without a configured peer
[05:30:13]   ok: no replica snapshot left on cinderci-fa1
[05:30:29]   volume ea43e106-39db-4f5b-929d-df118dec131f: status=available migstat=success host=np0000046432@puredriver-2#puredriver-2
[05:30:31]   mig-after-82be4c-img: df02e72ba5a4221c7718508aac75d127
[05:30:31]   ok: volume content unchanged by the migration (df02e72ba5a4221c7718508aac75d127 vs df02e72ba5a4221c7718508aac75d127)
[05:30:35] all migration checks passed: {"migrate_seconds": 33.9}
