[10:52:21] puredriver-1: cinderci-fa2 (10.241.127.20)
[10:52:22] puredriver-2: cinderci-fa1 (10.241.127.14)
[10:52:22] run prefix '3b1282-'; assisted peer configured: False
[10:52:25] migration targets: np0000047239@puredriver-1#puredriver-1 -> np0000047239@puredriver-2#puredriver-2
[10:52:25] driver under test has no assisted migration support; only the generic-path migration is exercised
[10:52:25] === phase: migrate
[10:52:31]   volume 1f86a8aa-ac41-4436-8019-07c6b1a914d1: status=downloading migstat=None host=np0000047239@puredriver-1#puredriver-1
[10:52:56]   volume 1f86a8aa-ac41-4436-8019-07c6b1a914d1: status=available migstat=None host=np0000047239@puredriver-1#puredriver-1
[10:52:56]   ok: 3b1282-1f86a8aa-ac41-4436-8019-07c6b1a914d1-cinder exists on cinderci-fa2 before migration
[10:52:59]   volume 1f86a8aa-ac41-4436-8019-07c6b1a914d1: status=available migstat=None host=np0000047239@puredriver-1#puredriver-1
[10:53:15]   volume 1f86a8aa-ac41-4436-8019-07c6b1a914d1: status=available migstat=None host=np0000047239@puredriver-1#puredriver-1
[10:53:17]   mig-before-3b1282-img: df02e72ba5a4221c7718508aac75d127
[10:53:19]   volume 1f86a8aa-ac41-4436-8019-07c6b1a914d1: status=available migstat=migrating host=np0000047239@puredriver-1#puredriver-1
[10:53:50]   volume 1f86a8aa-ac41-4436-8019-07c6b1a914d1: status=available migstat=success host=np0000047239@puredriver-2#puredriver-2
[10:53:50]   migrated in 34s
[10:53:51]   ok: no assisted path without a configured peer
[10:53:51]   ok: no replica snapshot left on cinderci-fa1
[10:54:07]   volume 1f86a8aa-ac41-4436-8019-07c6b1a914d1: status=available migstat=success host=np0000047239@puredriver-2#puredriver-2
[10:54:08]   mig-after-3b1282-img: df02e72ba5a4221c7718508aac75d127
[10:54:08]   ok: volume content unchanged by the migration (df02e72ba5a4221c7718508aac75d127 vs df02e72ba5a4221c7718508aac75d127)
[10:54:12] all migration checks passed: {"migrate_seconds": 33.9}
