[18:54:20] puredriver-1: cinderci-fa2 (10.241.127.20)
[18:54:20] puredriver-2: cinderci-fa1 (10.241.127.14)
[18:54:20] run prefix '17a2a0-'; assisted peer configured: False
[18:54:24] migration targets: np0000046592@puredriver-1#puredriver-1 -> np0000046592@puredriver-2#puredriver-2
[18:54:24] driver under test has no assisted migration support; only the generic-path migration is exercised
[18:54:24] === phase: migrate
[18:54:29]   volume 59dffd80-bf1c-4c58-8502-77270681db1b: status=downloading migstat=None host=np0000046592@puredriver-1#puredriver-1
[18:54:54]   volume 59dffd80-bf1c-4c58-8502-77270681db1b: status=available migstat=None host=np0000046592@puredriver-1#puredriver-1
[18:54:54]   ok: 17a2a0-59dffd80-bf1c-4c58-8502-77270681db1b-cinder exists on cinderci-fa2 before migration
[18:54:57]   volume 59dffd80-bf1c-4c58-8502-77270681db1b: status=available migstat=None host=np0000046592@puredriver-1#puredriver-1
[18:55:14]   volume 59dffd80-bf1c-4c58-8502-77270681db1b: status=available migstat=None host=np0000046592@puredriver-1#puredriver-1
[18:55:16]   mig-before-17a2a0-img: df02e72ba5a4221c7718508aac75d127
[18:55:18]   volume 59dffd80-bf1c-4c58-8502-77270681db1b: status=available migstat=migrating host=np0000046592@puredriver-1#puredriver-1
[18:55:50]   volume 59dffd80-bf1c-4c58-8502-77270681db1b: status=available migstat=success host=np0000046592@puredriver-2#puredriver-2
[18:55:50]   migrated in 34s
[18:55:50]   ok: no assisted path without a configured peer
[18:55:50]   ok: no replica snapshot left on cinderci-fa1
[18:56:06]   volume 59dffd80-bf1c-4c58-8502-77270681db1b: status=available migstat=success host=np0000046592@puredriver-2#puredriver-2
[18:56:07]   mig-after-17a2a0-img: df02e72ba5a4221c7718508aac75d127
[18:56:07]   ok: volume content unchanged by the migration (df02e72ba5a4221c7718508aac75d127 vs df02e72ba5a4221c7718508aac75d127)
[18:56:11] all migration checks passed: {"migrate_seconds": 33.9}
