[06:24:37] puredriver-1: cinderci-fa2 (10.241.127.20)
[06:24:37] puredriver-2: cinderci-fa1 (10.241.127.14)
[06:24:37] run prefix '222621-'; assisted peer configured: False
[06:24:41] migration targets: np0000046909@puredriver-1#puredriver-1 -> np0000046909@puredriver-2#puredriver-2
[06:24:41] driver under test has no assisted migration support; only the generic-path migration is exercised
[06:24:41] === phase: migrate
[06:24:47]   volume d54c3c05-a331-4dbe-be81-b0998964ea0c: status=downloading migstat=None host=np0000046909@puredriver-1#puredriver-1
[06:25:12]   volume d54c3c05-a331-4dbe-be81-b0998964ea0c: status=available migstat=None host=np0000046909@puredriver-1#puredriver-1
[06:25:12]   ok: 222621-d54c3c05-a331-4dbe-be81-b0998964ea0c-cinder exists on cinderci-fa2 before migration
[06:25:15]   volume d54c3c05-a331-4dbe-be81-b0998964ea0c: status=available migstat=None host=np0000046909@puredriver-1#puredriver-1
[06:25:32]   volume d54c3c05-a331-4dbe-be81-b0998964ea0c: status=available migstat=None host=np0000046909@puredriver-1#puredriver-1
[06:25:33]   mig-before-222621-img: df02e72ba5a4221c7718508aac75d127
[06:25:36]   volume d54c3c05-a331-4dbe-be81-b0998964ea0c: status=available migstat=migrating host=np0000046909@puredriver-1#puredriver-1
[06:26:07]   volume d54c3c05-a331-4dbe-be81-b0998964ea0c: status=available migstat=success host=np0000046909@puredriver-2#puredriver-2
[06:26:07]   migrated in 34s
[06:26:07]   ok: no assisted path without a configured peer
[06:26:07]   ok: no replica snapshot left on cinderci-fa1
[06:26:24]   volume d54c3c05-a331-4dbe-be81-b0998964ea0c: status=available migstat=success host=np0000046909@puredriver-2#puredriver-2
[06:26:25]   mig-after-222621-img: df02e72ba5a4221c7718508aac75d127
[06:26:25]   ok: volume content unchanged by the migration (df02e72ba5a4221c7718508aac75d127 vs df02e72ba5a4221c7718508aac75d127)
[06:26:29] all migration checks passed: {"migrate_seconds": 34.0}
