[16:40:23] puredriver-1: cinderci-fa2 (10.241.127.20)
[16:40:23] puredriver-2: cinderci-fa1 (10.241.127.14)
[16:40:23] run prefix 'ad9c1e-'; assisted peer configured: False
[16:40:27] migration targets: np0000045992@puredriver-1#puredriver-1 -> np0000045992@puredriver-2#puredriver-2
[16:40:27] driver under test has no assisted migration support; only the generic-path migration is exercised
[16:40:27] === phase: migrate
[16:40:32]   volume 6b58c544-24f0-4abc-814f-c94dc090adf4: status=downloading migstat=None host=np0000045992@puredriver-1#puredriver-1
[16:40:57]   volume 6b58c544-24f0-4abc-814f-c94dc090adf4: status=available migstat=None host=np0000045992@puredriver-1#puredriver-1
[16:40:57]   ok: ad9c1e-6b58c544-24f0-4abc-814f-c94dc090adf4-cinder exists on cinderci-fa2 before migration
[16:41:00]   volume 6b58c544-24f0-4abc-814f-c94dc090adf4: status=available migstat=None host=np0000045992@puredriver-1#puredriver-1
[16:41:17]   volume 6b58c544-24f0-4abc-814f-c94dc090adf4: status=available migstat=None host=np0000045992@puredriver-1#puredriver-1
[16:41:18]   mig-before-ad9c1e-img: df02e72ba5a4221c7718508aac75d127
[16:41:21]   volume 6b58c544-24f0-4abc-814f-c94dc090adf4: status=available migstat=migrating host=np0000045992@puredriver-1#puredriver-1
[16:41:34]   volume 6b58c544-24f0-4abc-814f-c94dc090adf4: status=available migstat=success host=np0000045992@puredriver-2#puredriver-2
[16:41:34]   migrated in 15s
[16:41:34]   ok: no assisted path without a configured peer
[16:41:34]   ok: no replica snapshot left on cinderci-fa1
[16:41:50]   volume 6b58c544-24f0-4abc-814f-c94dc090adf4: status=available migstat=success host=np0000045992@puredriver-2#puredriver-2
[16:41:51]   mig-after-ad9c1e-img: df02e72ba5a4221c7718508aac75d127
[16:41:51]   ok: volume content unchanged by the migration (df02e72ba5a4221c7718508aac75d127 vs df02e72ba5a4221c7718508aac75d127)
[16:41:55] all migration checks passed: {"migrate_seconds": 15.2}
