[20:32:59] puredriver-1: cinderci-fa2 (10.241.127.20)
[20:32:59] puredriver-2: cinderci-fa1 (10.241.127.14)
[20:32:59] run prefix 'b3bbdc-'; assisted peer configured: False
[20:33:03] migration targets: np0000046862@puredriver-1#puredriver-1 -> np0000046862@puredriver-2#puredriver-2
[20:33:03] driver under test has no assisted migration support; only the generic-path migration is exercised
[20:33:03] === phase: migrate
[20:33:09]   volume 170e7c83-965c-47e3-b52b-40316a7fe2f3: status=downloading migstat=None host=np0000046862@puredriver-1#puredriver-1
[20:33:34]   volume 170e7c83-965c-47e3-b52b-40316a7fe2f3: status=available migstat=None host=np0000046862@puredriver-1#puredriver-1
[20:33:34]   ok: b3bbdc-170e7c83-965c-47e3-b52b-40316a7fe2f3-cinder exists on cinderci-fa2 before migration
[20:33:37]   volume 170e7c83-965c-47e3-b52b-40316a7fe2f3: status=available migstat=None host=np0000046862@puredriver-1#puredriver-1
[20:33:54]   volume 170e7c83-965c-47e3-b52b-40316a7fe2f3: status=available migstat=None host=np0000046862@puredriver-1#puredriver-1
[20:33:55]   mig-before-b3bbdc-img: df02e72ba5a4221c7718508aac75d127
[20:33:58]   volume 170e7c83-965c-47e3-b52b-40316a7fe2f3: status=available migstat=migrating host=np0000046862@puredriver-1#puredriver-1
[20:34:29]   volume 170e7c83-965c-47e3-b52b-40316a7fe2f3: status=available migstat=success host=np0000046862@puredriver-2#puredriver-2
[20:34:29]   migrated in 34s
[20:34:29]   ok: no assisted path without a configured peer
[20:34:29]   ok: no replica snapshot left on cinderci-fa1
[20:34:46]   volume 170e7c83-965c-47e3-b52b-40316a7fe2f3: status=available migstat=success host=np0000046862@puredriver-2#puredriver-2
[20:34:47]   mig-after-b3bbdc-img: df02e72ba5a4221c7718508aac75d127
[20:34:47]   ok: volume content unchanged by the migration (df02e72ba5a4221c7718508aac75d127 vs df02e72ba5a4221c7718508aac75d127)
[20:34:51] all migration checks passed: {"migrate_seconds": 34.2}
