[09:05:18] puredriver-1: cinderci-fa2 (10.241.127.20)
[09:05:18] puredriver-2: cinderci-fa1 (10.241.127.14)
[09:05:18] run prefix 'fabbd0-'; assisted peer configured: False
[09:05:22] migration targets: np0000047099@puredriver-1#puredriver-1 -> np0000047099@puredriver-2#puredriver-2
[09:05:22] driver under test has no assisted migration support; only the generic-path migration is exercised
[09:05:22] === phase: migrate
[09:05:28]   volume b0513f96-11bb-40a2-8b6b-bcb4b9840a1c: status=downloading migstat=None host=np0000047099@puredriver-1#puredriver-1
[09:05:53]   volume b0513f96-11bb-40a2-8b6b-bcb4b9840a1c: status=available migstat=None host=np0000047099@puredriver-1#puredriver-1
[09:05:53]   ok: fabbd0-b0513f96-11bb-40a2-8b6b-bcb4b9840a1c-cinder exists on cinderci-fa2 before migration
[09:05:56]   volume b0513f96-11bb-40a2-8b6b-bcb4b9840a1c: status=available migstat=None host=np0000047099@puredriver-1#puredriver-1
[09:06:12]   volume b0513f96-11bb-40a2-8b6b-bcb4b9840a1c: status=available migstat=None host=np0000047099@puredriver-1#puredriver-1
[09:06:14]   mig-before-fabbd0-img: df02e72ba5a4221c7718508aac75d127
[09:06:16]   volume b0513f96-11bb-40a2-8b6b-bcb4b9840a1c: status=available migstat=migrating host=np0000047099@puredriver-1#puredriver-1
[09:06:48]   volume b0513f96-11bb-40a2-8b6b-bcb4b9840a1c: status=available migstat=success host=np0000047099@puredriver-2#puredriver-2
[09:06:48]   migrated in 34s
[09:06:48]   ok: no assisted path without a configured peer
[09:06:48]   ok: no replica snapshot left on cinderci-fa1
[09:07:04]   volume b0513f96-11bb-40a2-8b6b-bcb4b9840a1c: status=available migstat=success host=np0000047099@puredriver-2#puredriver-2
[09:07:06]   mig-after-fabbd0-img: df02e72ba5a4221c7718508aac75d127
[09:07:06]   ok: volume content unchanged by the migration (df02e72ba5a4221c7718508aac75d127 vs df02e72ba5a4221c7718508aac75d127)
[09:07:10] all migration checks passed: {"migrate_seconds": 34.0}
