[02:54:38] puredriver-1: cinderci-fa2 (10.241.127.20)
[02:54:38] puredriver-2: cinderci-fa1 (10.241.127.14)
[02:54:38] run prefix '95a698-'; assisted peer configured: False
[02:54:42] migration targets: np0000046650@puredriver-1#puredriver-1 -> np0000046650@puredriver-2#puredriver-2
[02:54:42] driver under test has no assisted migration support; only the generic-path migration is exercised
[02:54:42] === phase: migrate
[02:54:48]   volume 634a3024-029a-4482-84bb-3b1ddd556295: status=downloading migstat=None host=np0000046650@puredriver-1#puredriver-1
[02:55:13]   volume 634a3024-029a-4482-84bb-3b1ddd556295: status=available migstat=None host=np0000046650@puredriver-1#puredriver-1
[02:55:13]   ok: 95a698-634a3024-029a-4482-84bb-3b1ddd556295-cinder exists on cinderci-fa2 before migration
[02:55:15]   volume 634a3024-029a-4482-84bb-3b1ddd556295: status=available migstat=None host=np0000046650@puredriver-1#puredriver-1
[02:55:32]   volume 634a3024-029a-4482-84bb-3b1ddd556295: status=available migstat=None host=np0000046650@puredriver-1#puredriver-1
[02:55:34]   mig-before-95a698-img: df02e72ba5a4221c7718508aac75d127
[02:55:36]   volume 634a3024-029a-4482-84bb-3b1ddd556295: status=available migstat=migrating host=np0000046650@puredriver-1#puredriver-1
[02:56:08]   volume 634a3024-029a-4482-84bb-3b1ddd556295: status=available migstat=success host=np0000046650@puredriver-2#puredriver-2
[02:56:08]   migrated in 34s
[02:56:08]   ok: no assisted path without a configured peer
[02:56:08]   ok: no replica snapshot left on cinderci-fa1
[02:56:24]   volume 634a3024-029a-4482-84bb-3b1ddd556295: status=available migstat=success host=np0000046650@puredriver-2#puredriver-2
[02:56:26]   mig-after-95a698-img: df02e72ba5a4221c7718508aac75d127
[02:56:26]   ok: volume content unchanged by the migration (df02e72ba5a4221c7718508aac75d127 vs df02e72ba5a4221c7718508aac75d127)
[02:56:30] all migration checks passed: {"migrate_seconds": 34.0}
