[06:05:19] puredriver-1: cinderci-fa2 (10.241.127.20)
[06:05:19] puredriver-2: cinderci-fa1 (10.241.127.14)
[06:05:19] run prefix '99bcd4-'; assisted peer configured: False
[06:05:23] migration targets: np0000047207@puredriver-1#puredriver-1 -> np0000047207@puredriver-2#puredriver-2
[06:05:23] driver under test has no assisted migration support; only the generic-path migration is exercised
[06:05:23] === phase: migrate
[06:05:29]   volume 7b9aaf59-58aa-413a-980a-530d65f16bf5: status=downloading migstat=None host=np0000047207@puredriver-1#puredriver-1
[06:05:54]   volume 7b9aaf59-58aa-413a-980a-530d65f16bf5: status=available migstat=None host=np0000047207@puredriver-1#puredriver-1
[06:05:54]   ok: 99bcd4-7b9aaf59-58aa-413a-980a-530d65f16bf5-cinder exists on cinderci-fa2 before migration
[06:05:57]   volume 7b9aaf59-58aa-413a-980a-530d65f16bf5: status=available migstat=None host=np0000047207@puredriver-1#puredriver-1
[06:06:13]   volume 7b9aaf59-58aa-413a-980a-530d65f16bf5: status=available migstat=None host=np0000047207@puredriver-1#puredriver-1
[06:06:15]   mig-before-99bcd4-img: df02e72ba5a4221c7718508aac75d127
[06:06:17]   volume 7b9aaf59-58aa-413a-980a-530d65f16bf5: status=available migstat=migrating host=np0000047207@puredriver-1#puredriver-1
[06:06:49]   volume 7b9aaf59-58aa-413a-980a-530d65f16bf5: status=available migstat=success host=np0000047207@puredriver-2#puredriver-2
[06:06:49]   migrated in 34s
[06:06:49]   ok: no assisted path without a configured peer
[06:06:49]   ok: no replica snapshot left on cinderci-fa1
[06:07:06]   volume 7b9aaf59-58aa-413a-980a-530d65f16bf5: status=available migstat=success host=np0000047207@puredriver-2#puredriver-2
[06:07:07]   mig-after-99bcd4-img: df02e72ba5a4221c7718508aac75d127
[06:07:07]   ok: volume content unchanged by the migration (df02e72ba5a4221c7718508aac75d127 vs df02e72ba5a4221c7718508aac75d127)
[06:07:11] all migration checks passed: {"migrate_seconds": 34.0}
