[07:50:13] puredriver-1: cinderci-fa2 (10.241.127.20)
[07:50:13] puredriver-2: cinderci-fa1 (10.241.127.14)
[07:50:13] run prefix '78d6c0-'; assisted peer configured: False
[07:50:17] migration targets: np0000047096@puredriver-1#puredriver-1 -> np0000047096@puredriver-2#puredriver-2
[07:50:17] driver under test has no assisted migration support; only the generic-path migration is exercised
[07:50:17] === phase: migrate
[07:50:23]   volume 552bda79-785f-4696-92e3-702e16a6ed6d: status=downloading migstat=None host=np0000047096@puredriver-1#puredriver-1
[07:50:48]   volume 552bda79-785f-4696-92e3-702e16a6ed6d: status=available migstat=None host=np0000047096@puredriver-1#puredriver-1
[07:50:48]   ok: 78d6c0-552bda79-785f-4696-92e3-702e16a6ed6d-cinder exists on cinderci-fa2 before migration
[07:50:50]   volume 552bda79-785f-4696-92e3-702e16a6ed6d: status=available migstat=None host=np0000047096@puredriver-1#puredriver-1
[07:51:07]   volume 552bda79-785f-4696-92e3-702e16a6ed6d: status=available migstat=None host=np0000047096@puredriver-1#puredriver-1
[07:51:09]   mig-before-78d6c0-img: df02e72ba5a4221c7718508aac75d127
[07:51:11]   volume 552bda79-785f-4696-92e3-702e16a6ed6d: status=available migstat=migrating host=np0000047096@puredriver-1#puredriver-1
[07:51:49]   volume 552bda79-785f-4696-92e3-702e16a6ed6d: status=available migstat=success host=np0000047096@puredriver-2#puredriver-2
[07:51:49]   migrated in 40s
[07:51:49]   ok: no assisted path without a configured peer
[07:51:49]   ok: no replica snapshot left on cinderci-fa1
[07:52:05]   volume 552bda79-785f-4696-92e3-702e16a6ed6d: status=available migstat=success host=np0000047096@puredriver-2#puredriver-2
[07:52:07]   mig-after-78d6c0-img: df02e72ba5a4221c7718508aac75d127
[07:52:07]   ok: volume content unchanged by the migration (df02e72ba5a4221c7718508aac75d127 vs df02e72ba5a4221c7718508aac75d127)
[07:52:10] all migration checks passed: {"migrate_seconds": 40.2}
