[02:38:18] puredriver-1: cinderci-fa2 (10.241.127.20)
[02:38:18] puredriver-2: cinderci-fa1 (10.241.127.14)
[02:38:18] run prefix '1c3a0b-'; assisted peer configured: False
[02:38:22] migration targets: np0000046895@puredriver-1#puredriver-1 -> np0000046895@puredriver-2#puredriver-2
[02:38:22] driver under test has no assisted migration support; only the generic-path migration is exercised
[02:38:22] === phase: migrate
[02:38:27]   volume 214e95ef-c894-41b0-9380-21cd47708087: status=downloading migstat=None host=np0000046895@puredriver-1#puredriver-1
[02:38:59]   volume 214e95ef-c894-41b0-9380-21cd47708087: status=available migstat=None host=np0000046895@puredriver-1#puredriver-1
[02:38:59]   ok: 1c3a0b-214e95ef-c894-41b0-9380-21cd47708087-cinder exists on cinderci-fa2 before migration
[02:39:01]   volume 214e95ef-c894-41b0-9380-21cd47708087: status=available migstat=None host=np0000046895@puredriver-1#puredriver-1
[02:39:18]   volume 214e95ef-c894-41b0-9380-21cd47708087: status=available migstat=None host=np0000046895@puredriver-1#puredriver-1
[02:39:19]   mig-before-1c3a0b-img: df02e72ba5a4221c7718508aac75d127
[02:39:22]   volume 214e95ef-c894-41b0-9380-21cd47708087: status=available migstat=migrating host=np0000046895@puredriver-1#puredriver-1
[02:39:53]   volume 214e95ef-c894-41b0-9380-21cd47708087: status=available migstat=success host=np0000046895@puredriver-2#puredriver-2
[02:39:53]   migrated in 34s
[02:39:53]   ok: no assisted path without a configured peer
[02:39:53]   ok: no replica snapshot left on cinderci-fa1
[02:40:10]   volume 214e95ef-c894-41b0-9380-21cd47708087: status=available migstat=success host=np0000046895@puredriver-2#puredriver-2
[02:40:11]   mig-after-1c3a0b-img: df02e72ba5a4221c7718508aac75d127
[02:40:11]   ok: volume content unchanged by the migration (df02e72ba5a4221c7718508aac75d127 vs df02e72ba5a4221c7718508aac75d127)
[02:40:15] all migration checks passed: {"migrate_seconds": 34.0}
