[08:25:05] puredriver-1: cinderci-fa2 (10.241.127.20)
[08:25:05] puredriver-2: cinderci-fa1 (10.241.127.14)
[08:25:05] run prefix '57bb95-'; assisted peer configured: False
[08:25:09] migration targets: np0000046536@puredriver-1#puredriver-1 -> np0000046536@puredriver-2#puredriver-2
[08:25:09] driver under test has no assisted migration support; only the generic-path migration is exercised
[08:25:09] === phase: migrate
[08:25:14]   volume c91ca55f-a48a-47fd-a6e0-1f9c88dae32b: status=downloading migstat=None host=np0000046536@puredriver-1#puredriver-1
[08:25:40]   volume c91ca55f-a48a-47fd-a6e0-1f9c88dae32b: status=available migstat=None host=np0000046536@puredriver-1#puredriver-1
[08:25:40]   ok: 57bb95-c91ca55f-a48a-47fd-a6e0-1f9c88dae32b-cinder exists on cinderci-fa2 before migration
[08:25:42]   volume c91ca55f-a48a-47fd-a6e0-1f9c88dae32b: status=available migstat=None host=np0000046536@puredriver-1#puredriver-1
[08:26:00]   volume c91ca55f-a48a-47fd-a6e0-1f9c88dae32b: status=available migstat=None host=np0000046536@puredriver-1#puredriver-1
[08:26:01]   mig-before-57bb95-img: df02e72ba5a4221c7718508aac75d127
[08:26:04]   volume c91ca55f-a48a-47fd-a6e0-1f9c88dae32b: status=available migstat=migrating host=np0000046536@puredriver-1#puredriver-1
[08:26:35]   volume c91ca55f-a48a-47fd-a6e0-1f9c88dae32b: status=available migstat=success host=np0000046536@puredriver-2#puredriver-2
[08:26:35]   migrated in 34s
[08:26:35]   ok: no assisted path without a configured peer
[08:26:35]   ok: no replica snapshot left on cinderci-fa1
[08:26:52]   volume c91ca55f-a48a-47fd-a6e0-1f9c88dae32b: status=available migstat=success host=np0000046536@puredriver-2#puredriver-2
[08:26:53]   mig-after-57bb95-img: df02e72ba5a4221c7718508aac75d127
[08:26:53]   ok: volume content unchanged by the migration (df02e72ba5a4221c7718508aac75d127 vs df02e72ba5a4221c7718508aac75d127)
[08:26:57] all migration checks passed: {"migrate_seconds": 34.0}
