[05:39:35] puredriver-1: cinderci-fa2 (10.241.127.20)
[05:39:36] puredriver-2: cinderci-fa1 (10.241.127.14)
[05:39:36] run prefix '1bbd6a-'; assisted peer configured: False
[05:39:39] migration targets: np0000046162@puredriver-1#puredriver-1 -> np0000046162@puredriver-2#puredriver-2
[05:39:39] driver under test has no assisted migration support; only the generic-path migration is exercised
[05:39:39] === phase: migrate
[05:39:45]   volume db2da544-e0aa-4ffc-a2d8-d3e114639e38: status=downloading migstat=None host=np0000046162@puredriver-1#puredriver-1
[05:40:10]   volume db2da544-e0aa-4ffc-a2d8-d3e114639e38: status=available migstat=None host=np0000046162@puredriver-1#puredriver-1
[05:40:10]   ok: 1bbd6a-db2da544-e0aa-4ffc-a2d8-d3e114639e38-cinder exists on cinderci-fa2 before migration
[05:40:13]   volume db2da544-e0aa-4ffc-a2d8-d3e114639e38: status=available migstat=None host=np0000046162@puredriver-1#puredriver-1
[05:40:30]   volume db2da544-e0aa-4ffc-a2d8-d3e114639e38: status=available migstat=None host=np0000046162@puredriver-1#puredriver-1
[05:40:31]   mig-before-1bbd6a-img: df02e72ba5a4221c7718508aac75d127
[05:40:34]   volume db2da544-e0aa-4ffc-a2d8-d3e114639e38: status=available migstat=migrating host=np0000046162@puredriver-1#puredriver-1
[05:41:05]   volume db2da544-e0aa-4ffc-a2d8-d3e114639e38: status=available migstat=success host=np0000046162@puredriver-2#puredriver-2
[05:41:05]   migrated in 34s
[05:41:05]   ok: no assisted path without a configured peer
[05:41:05]   ok: no replica snapshot left on cinderci-fa1
[05:41:22]   volume db2da544-e0aa-4ffc-a2d8-d3e114639e38: status=available migstat=success host=np0000046162@puredriver-2#puredriver-2
[05:41:23]   mig-after-1bbd6a-img: df02e72ba5a4221c7718508aac75d127
[05:41:23]   ok: volume content unchanged by the migration (df02e72ba5a4221c7718508aac75d127 vs df02e72ba5a4221c7718508aac75d127)
[05:41:27] all migration checks passed: {"migrate_seconds": 34.1}
