[01:21:15] puredriver-1: cinderci-fa2 (10.241.127.20)
[01:21:15] puredriver-2: cinderci-fa1 (10.241.127.14)
[01:21:15] run prefix '4e0478-'; assisted peer configured: False
[01:21:19] migration targets: np0000046422@puredriver-1#puredriver-1 -> np0000046422@puredriver-2#puredriver-2
[01:21:19] driver under test has no assisted migration support; only the generic-path migration is exercised
[01:21:19] === phase: migrate
[01:21:26]   volume 154cd0f2-4029-493c-a202-c8a9b405aa81: status=downloading migstat=None host=np0000046422@puredriver-1#puredriver-1
[01:21:51]   volume 154cd0f2-4029-493c-a202-c8a9b405aa81: status=available migstat=None host=np0000046422@puredriver-1#puredriver-1
[01:21:51]   ok: 4e0478-154cd0f2-4029-493c-a202-c8a9b405aa81-cinder exists on cinderci-fa2 before migration
[01:21:54]   volume 154cd0f2-4029-493c-a202-c8a9b405aa81: status=available migstat=None host=np0000046422@puredriver-1#puredriver-1
[01:22:11]   volume 154cd0f2-4029-493c-a202-c8a9b405aa81: status=available migstat=None host=np0000046422@puredriver-1#puredriver-1
[01:22:12]   mig-before-4e0478-img: df02e72ba5a4221c7718508aac75d127
[01:22:15]   volume 154cd0f2-4029-493c-a202-c8a9b405aa81: status=available migstat=migrating host=np0000046422@puredriver-1#puredriver-1
[01:22:46]   volume 154cd0f2-4029-493c-a202-c8a9b405aa81: status=available migstat=success host=np0000046422@puredriver-2#puredriver-2
[01:22:46]   migrated in 34s
[01:22:46]   ok: no assisted path without a configured peer
[01:22:46]   ok: no replica snapshot left on cinderci-fa1
[01:23:03]   volume 154cd0f2-4029-493c-a202-c8a9b405aa81: status=available migstat=success host=np0000046422@puredriver-2#puredriver-2
[01:23:04]   mig-after-4e0478-img: df02e72ba5a4221c7718508aac75d127
[01:23:04]   ok: volume content unchanged by the migration (df02e72ba5a4221c7718508aac75d127 vs df02e72ba5a4221c7718508aac75d127)
[01:23:08] all migration checks passed: {"migrate_seconds": 34.1}
