[05:39:23] puredriver-1: cinderci-fa2 (10.241.127.20)
[05:39:24] puredriver-2: cinderci-fa1 (10.241.127.14)
[05:39:24] run prefix 'c96423-'; assisted peer configured: False
[05:39:27] migration targets: np0000046321@puredriver-1#puredriver-1 -> np0000046321@puredriver-2#puredriver-2
[05:39:27] driver under test has no assisted migration support; only the generic-path migration is exercised
[05:39:27] === phase: migrate
[05:39:33]   volume b72945cb-fac3-4996-bc37-133faaa6cee1: status=downloading migstat=None host=np0000046321@puredriver-1#puredriver-1
[05:39:58]   volume b72945cb-fac3-4996-bc37-133faaa6cee1: status=available migstat=None host=np0000046321@puredriver-1#puredriver-1
[05:39:58]   ok: c96423-b72945cb-fac3-4996-bc37-133faaa6cee1-cinder exists on cinderci-fa2 before migration
[05:40:00]   volume b72945cb-fac3-4996-bc37-133faaa6cee1: status=available migstat=None host=np0000046321@puredriver-1#puredriver-1
[05:40:17]   volume b72945cb-fac3-4996-bc37-133faaa6cee1: status=available migstat=None host=np0000046321@puredriver-1#puredriver-1
[05:40:18]   mig-before-c96423-img: df02e72ba5a4221c7718508aac75d127
[05:40:21]   volume b72945cb-fac3-4996-bc37-133faaa6cee1: status=available migstat=migrating host=np0000046321@puredriver-1#puredriver-1
[05:40:52]   volume b72945cb-fac3-4996-bc37-133faaa6cee1: status=available migstat=success host=np0000046321@puredriver-2#puredriver-2
[05:40:52]   migrated in 34s
[05:40:52]   ok: no assisted path without a configured peer
[05:40:52]   ok: no replica snapshot left on cinderci-fa1
[05:41:09]   volume b72945cb-fac3-4996-bc37-133faaa6cee1: status=available migstat=success host=np0000046321@puredriver-2#puredriver-2
[05:41:10]   mig-after-c96423-img: df02e72ba5a4221c7718508aac75d127
[05:41:10]   ok: volume content unchanged by the migration (df02e72ba5a4221c7718508aac75d127 vs df02e72ba5a4221c7718508aac75d127)
[05:41:14] all migration checks passed: {"migrate_seconds": 33.9}
