[05:36:10] puredriver-1: cinderci-fa2 (10.241.127.20)
[05:36:10] puredriver-2: cinderci-fa1 (10.241.127.14)
[05:36:10] run prefix 'd52f3c-'; assisted peer configured: False
[05:36:14] migration targets: np0000045950@puredriver-1#puredriver-1 -> np0000045950@puredriver-2#puredriver-2
[05:36:14] driver under test has no assisted migration support; only the generic-path migration is exercised
[05:36:14] === phase: migrate
[05:36:19]   volume 801f8004-9647-424c-aa8e-59683e1f90f2: status=downloading migstat=None host=np0000045950@puredriver-1#puredriver-1
[05:36:44]   volume 801f8004-9647-424c-aa8e-59683e1f90f2: status=available migstat=None host=np0000045950@puredriver-1#puredriver-1
[05:36:44]   ok: d52f3c-801f8004-9647-424c-aa8e-59683e1f90f2-cinder exists on cinderci-fa2 before migration
[05:36:47]   volume 801f8004-9647-424c-aa8e-59683e1f90f2: status=available migstat=None host=np0000045950@puredriver-1#puredriver-1
[05:37:04]   volume 801f8004-9647-424c-aa8e-59683e1f90f2: status=available migstat=None host=np0000045950@puredriver-1#puredriver-1
[05:37:06]   mig-before-d52f3c-img: df02e72ba5a4221c7718508aac75d127
[05:37:08]   volume 801f8004-9647-424c-aa8e-59683e1f90f2: status=available migstat=migrating host=np0000045950@puredriver-1#puredriver-1
[05:37:46]   volume 801f8004-9647-424c-aa8e-59683e1f90f2: status=available migstat=success host=np0000045950@puredriver-2#puredriver-2
[05:37:46]   migrated in 40s
[05:37:46]   ok: no assisted path without a configured peer
[05:37:46]   ok: no replica snapshot left on cinderci-fa1
[05:38:03]   volume 801f8004-9647-424c-aa8e-59683e1f90f2: status=available migstat=success host=np0000045950@puredriver-2#puredriver-2
[05:38:04]   mig-after-d52f3c-img: df02e72ba5a4221c7718508aac75d127
[05:38:04]   ok: volume content unchanged by the migration (df02e72ba5a4221c7718508aac75d127 vs df02e72ba5a4221c7718508aac75d127)
[05:38:08] all migration checks passed: {"migrate_seconds": 40.4}
