[10:26:32] puredriver-1: cinderci-fa2 (10.241.127.20)
[10:26:32] puredriver-2: cinderci-fa1 (10.241.127.14)
[10:26:32] run prefix '501df3-'; assisted peer configured: False
[10:26:36] migration targets: np0000045773@puredriver-1#puredriver-1 -> np0000045773@puredriver-2#puredriver-2
[10:26:36] copy throttle configured: 26214400 B/s, cgroup io:cinder-volume-copy
[10:26:36] driver under test has no assisted migration support; only the generic-path migration is exercised
[10:26:36] === phase: migrate
[10:26:44]   volume 2d7ac604-ecd1-4298-82a0-87213c822554: status=downloading migstat=None host=np0000045773@puredriver-1#puredriver-1
[10:27:15]   volume 2d7ac604-ecd1-4298-82a0-87213c822554: status=available migstat=None host=np0000045773@puredriver-1#puredriver-1
[10:27:16]   ok: 501df3-2d7ac604-ecd1-4298-82a0-87213c822554-cinder exists on cinderci-fa2 before migration
[10:27:19]   volume 2d7ac604-ecd1-4298-82a0-87213c822554: status=available migstat=None host=np0000045773@puredriver-1#puredriver-1
[10:27:37]   volume 2d7ac604-ecd1-4298-82a0-87213c822554: status=available migstat=None host=np0000045773@puredriver-1#puredriver-1
[10:27:38]   mig-before-501df3-img: df02e72ba5a4221c7718508aac75d127
[10:27:41]   volume 2d7ac604-ecd1-4298-82a0-87213c822554: status=available migstat=migrating host=np0000045773@puredriver-1#puredriver-1
[10:28:33]   volume 2d7ac604-ecd1-4298-82a0-87213c822554: status=available migstat=success host=np0000045773@puredriver-2#puredriver-2
[10:28:33]   migrated in 55s
[10:28:33]   ok: no assisted path without a configured peer
[10:28:33]   ok: generic copy ran under cgexec with the io controller (saw ['io'])
[10:28:33]   ok: generic copy honoured the 25 MiB/s limit (55s for 1 GiB, at least 33s expected)
[10:28:33]   ok: no replica snapshot left on cinderci-fa1
[10:28:50]   volume 2d7ac604-ecd1-4298-82a0-87213c822554: status=available migstat=success host=np0000045773@puredriver-2#puredriver-2
[10:28:51]   mig-after-501df3-img: df02e72ba5a4221c7718508aac75d127
[10:28:51]   ok: volume content unchanged by the migration (df02e72ba5a4221c7718508aac75d127 vs df02e72ba5a4221c7718508aac75d127)
[10:28:56] all migration checks passed: {"migrate_seconds": 54.7, "fallback_copy_floor_seconds": 32.8}
