[16:14:00] puredriver-1: cinderci-fa2 (10.241.127.20)
[16:14:00] puredriver-2: cinderci-fa1 (10.241.127.14)
[16:14:00] run prefix '7edaf2-'; assisted peer configured: False
[16:14:04] migration targets: np0000046574@puredriver-1#puredriver-1 -> np0000046574@puredriver-2#puredriver-2
[16:14:04] driver under test has no assisted migration support; only the generic-path migration is exercised
[16:14:04] === phase: migrate
[16:14:09]   volume a7d43b4d-f6dc-4b46-9fda-8bc8164726e2: status=downloading migstat=None host=np0000046574@puredriver-1#puredriver-1
[16:14:34]   volume a7d43b4d-f6dc-4b46-9fda-8bc8164726e2: status=available migstat=None host=np0000046574@puredriver-1#puredriver-1
[16:14:34]   ok: 7edaf2-a7d43b4d-f6dc-4b46-9fda-8bc8164726e2-cinder exists on cinderci-fa2 before migration
[16:14:37]   volume a7d43b4d-f6dc-4b46-9fda-8bc8164726e2: status=available migstat=None host=np0000046574@puredriver-1#puredriver-1
[16:14:54]   volume a7d43b4d-f6dc-4b46-9fda-8bc8164726e2: status=available migstat=None host=np0000046574@puredriver-1#puredriver-1
[16:14:56]   mig-before-7edaf2-img: df02e72ba5a4221c7718508aac75d127
[16:14:58]   volume a7d43b4d-f6dc-4b46-9fda-8bc8164726e2: status=available migstat=migrating host=np0000046574@puredriver-1#puredriver-1
[16:15:11]   volume a7d43b4d-f6dc-4b46-9fda-8bc8164726e2: status=available migstat=success host=np0000046574@puredriver-2#puredriver-2
[16:15:11]   migrated in 15s
[16:15:11]   ok: no assisted path without a configured peer
[16:15:11]   ok: no replica snapshot left on cinderci-fa1
[16:15:28]   volume a7d43b4d-f6dc-4b46-9fda-8bc8164726e2: status=available migstat=success host=np0000046574@puredriver-2#puredriver-2
[16:15:29]   mig-after-7edaf2-img: df02e72ba5a4221c7718508aac75d127
[16:15:29]   ok: volume content unchanged by the migration (df02e72ba5a4221c7718508aac75d127 vs df02e72ba5a4221c7718508aac75d127)
[16:15:33] all migration checks passed: {"migrate_seconds": 15.1}
