[11:23:05] puredriver-1: cinderci-fa2 (10.241.127.20)
[11:23:05] puredriver-2: cinderci-fa1 (10.241.127.14)
[11:23:05] run prefix 'a4fd5d-'; assisted peer configured: False
[11:23:09] migration targets: np0000047105@puredriver-1#puredriver-1 -> np0000047105@puredriver-2#puredriver-2
[11:23:09] driver under test has no assisted migration support; only the generic-path migration is exercised
[11:23:09] === phase: migrate
[11:23:14]   volume bde3a846-ad78-4017-a587-19a1ee14423c: status=downloading migstat=None host=np0000047105@puredriver-1#puredriver-1
[11:23:39]   volume bde3a846-ad78-4017-a587-19a1ee14423c: status=available migstat=None host=np0000047105@puredriver-1#puredriver-1
[11:23:40]   ok: a4fd5d-bde3a846-ad78-4017-a587-19a1ee14423c-cinder exists on cinderci-fa2 before migration
[11:23:42]   volume bde3a846-ad78-4017-a587-19a1ee14423c: status=available migstat=None host=np0000047105@puredriver-1#puredriver-1
[11:24:00]   volume bde3a846-ad78-4017-a587-19a1ee14423c: status=available migstat=None host=np0000047105@puredriver-1#puredriver-1
[11:24:01]   mig-before-a4fd5d-img: df02e72ba5a4221c7718508aac75d127
[11:24:03]   volume bde3a846-ad78-4017-a587-19a1ee14423c: status=available migstat=migrating host=np0000047105@puredriver-1#puredriver-1
[11:24:35]   volume bde3a846-ad78-4017-a587-19a1ee14423c: status=available migstat=success host=np0000047105@puredriver-2#puredriver-2
[11:24:35]   migrated in 34s
[11:24:35]   ok: no assisted path without a configured peer
[11:24:35]   ok: no replica snapshot left on cinderci-fa1
[11:24:52]   volume bde3a846-ad78-4017-a587-19a1ee14423c: status=available migstat=success host=np0000047105@puredriver-2#puredriver-2
[11:24:53]   mig-after-a4fd5d-img: df02e72ba5a4221c7718508aac75d127
[11:24:53]   ok: volume content unchanged by the migration (df02e72ba5a4221c7718508aac75d127 vs df02e72ba5a4221c7718508aac75d127)
[11:24:57] all migration checks passed: {"migrate_seconds": 34.1}
