[20:10:05] puredriver-1: cinderci-fa2 (10.241.127.20)
[20:10:05] puredriver-2: cinderci-fa1 (10.241.127.14)
[20:10:05] run prefix 'f03032-'; assisted peer configured: False
[20:10:09] migration targets: np0000045698@puredriver-1#puredriver-1 -> np0000045698@puredriver-2#puredriver-2
[20:10:09] copy throttle configured: 26214400 B/s, cgroup io:cinder-volume-copy
[20:10:09] driver under test has no assisted migration support; only the generic-path migration is exercised
[20:10:09] === phase: migrate
[20:10:14]   volume 0528fe6a-2987-4bcc-b9b8-ac057ad7f969: status=downloading migstat=None host=np0000045698@puredriver-1#puredriver-1
[20:10:45]   volume 0528fe6a-2987-4bcc-b9b8-ac057ad7f969: status=available migstat=None host=np0000045698@puredriver-1#puredriver-1
[20:10:45]   ok: f03032-0528fe6a-2987-4bcc-b9b8-ac057ad7f969-cinder exists on cinderci-fa2 before migration
[20:10:48]   volume 0528fe6a-2987-4bcc-b9b8-ac057ad7f969: status=available migstat=None host=np0000045698@puredriver-1#puredriver-1
[20:11:05]   volume 0528fe6a-2987-4bcc-b9b8-ac057ad7f969: status=available migstat=None host=np0000045698@puredriver-1#puredriver-1
[20:11:06]   mig-before-f03032-img: df02e72ba5a4221c7718508aac75d127
[20:11:09]   volume 0528fe6a-2987-4bcc-b9b8-ac057ad7f969: status=available migstat=migrating host=np0000045698@puredriver-1#puredriver-1
[20:12:24]   volume 0528fe6a-2987-4bcc-b9b8-ac057ad7f969: status=available migstat=success host=np0000045698@puredriver-2#puredriver-2
[20:12:24]   migrated in 78s
[20:12:24]   ok: no assisted path without a configured peer
[20:12:24]   ok: generic copy ran under cgexec with the io controller (saw ['io'])
[20:12:24]   ok: generic copy honoured the 25 MiB/s limit (78s for 1 GiB, at least 33s expected)
[20:12:24]   ok: no replica snapshot left on cinderci-fa1
[20:12:40]   volume 0528fe6a-2987-4bcc-b9b8-ac057ad7f969: status=available migstat=success host=np0000045698@puredriver-2#puredriver-2
[20:12:41]   mig-after-f03032-img: df02e72ba5a4221c7718508aac75d127
[20:12:41]   ok: volume content unchanged by the migration (df02e72ba5a4221c7718508aac75d127 vs df02e72ba5a4221c7718508aac75d127)
[20:12:45] all migration checks passed: {"migrate_seconds": 77.5, "fallback_copy_floor_seconds": 32.8}
