[20:18:01] puredriver-1: cinderci-fa2 (10.241.127.20)
[20:18:01] puredriver-2: cinderci-fa1 (10.241.127.14)
[20:18:01] run prefix 'e0925c-'; assisted peer configured: False
[20:18:05] migration targets: np0000046082@puredriver-1#puredriver-1 -> np0000046082@puredriver-2#puredriver-2
[20:18:05] driver under test has no assisted migration support; only the generic-path migration is exercised
[20:18:05] === phase: migrate
[20:18:10]   volume 4791614b-2053-40b7-9890-a581657d9e76: status=downloading migstat=None host=np0000046082@puredriver-1#puredriver-1
[20:18:35]   volume 4791614b-2053-40b7-9890-a581657d9e76: status=available migstat=None host=np0000046082@puredriver-1#puredriver-1
[20:18:36]   ok: e0925c-4791614b-2053-40b7-9890-a581657d9e76-cinder exists on cinderci-fa2 before migration
[20:18:38]   volume 4791614b-2053-40b7-9890-a581657d9e76: status=available migstat=None host=np0000046082@puredriver-1#puredriver-1
[20:18:55]   volume 4791614b-2053-40b7-9890-a581657d9e76: status=available migstat=None host=np0000046082@puredriver-1#puredriver-1
[20:18:57]   mig-before-e0925c-img: df02e72ba5a4221c7718508aac75d127
[20:18:59]   volume 4791614b-2053-40b7-9890-a581657d9e76: status=available migstat=migrating host=np0000046082@puredriver-1#puredriver-1
[20:19:30]   volume 4791614b-2053-40b7-9890-a581657d9e76: status=available migstat=success host=np0000046082@puredriver-2#puredriver-2
[20:19:30]   migrated in 34s
[20:19:31]   ok: no assisted path without a configured peer
[20:19:31]   ok: no replica snapshot left on cinderci-fa1
[20:19:47]   volume 4791614b-2053-40b7-9890-a581657d9e76: status=available migstat=success host=np0000046082@puredriver-2#puredriver-2
[20:19:48]   mig-after-e0925c-img: df02e72ba5a4221c7718508aac75d127
[20:19:48]   ok: volume content unchanged by the migration (df02e72ba5a4221c7718508aac75d127 vs df02e72ba5a4221c7718508aac75d127)
[20:19:52] all migration checks passed: {"migrate_seconds": 33.9}
