[11:51:26] puredriver-1: cinderci-fa2 (10.241.127.20)
[11:51:26] puredriver-2: cinderci-fa1 (10.241.127.14)
[11:51:26] run prefix '381eb9-'; assisted peer configured: False
[11:51:31] migration targets: np0000045799@puredriver-1#puredriver-1 -> np0000045799@puredriver-2#puredriver-2
[11:51:31] driver under test has no assisted migration support; only the generic-path migration is exercised
[11:51:31] === phase: migrate
[11:51:37]   volume 344b7d0f-8c76-4d1e-b64e-b5d5b9ea805f: status=downloading migstat=None host=np0000045799@puredriver-1#puredriver-1
[11:52:02]   volume 344b7d0f-8c76-4d1e-b64e-b5d5b9ea805f: status=available migstat=None host=np0000045799@puredriver-1#puredriver-1
[11:52:02]   ok: 381eb9-344b7d0f-8c76-4d1e-b64e-b5d5b9ea805f-cinder exists on cinderci-fa2 before migration
[11:52:05]   volume 344b7d0f-8c76-4d1e-b64e-b5d5b9ea805f: status=available migstat=None host=np0000045799@puredriver-1#puredriver-1
[11:52:23]   volume 344b7d0f-8c76-4d1e-b64e-b5d5b9ea805f: status=available migstat=None host=np0000045799@puredriver-1#puredriver-1
[11:52:24]   mig-before-381eb9-img: df02e72ba5a4221c7718508aac75d127
[11:52:27]   volume 344b7d0f-8c76-4d1e-b64e-b5d5b9ea805f: status=available migstat=migrating host=np0000045799@puredriver-1#puredriver-1
[11:52:40]   volume 344b7d0f-8c76-4d1e-b64e-b5d5b9ea805f: status=available migstat=success host=np0000045799@puredriver-2#puredriver-2
[11:52:40]   migrated in 16s
[11:52:40]   ok: no assisted path without a configured peer
[11:52:40]   ok: no replica snapshot left on cinderci-fa1
[11:52:56]   volume 344b7d0f-8c76-4d1e-b64e-b5d5b9ea805f: status=available migstat=success host=np0000045799@puredriver-2#puredriver-2
[11:52:59]   mig-after-381eb9-img: df02e72ba5a4221c7718508aac75d127
[11:52:59]   ok: volume content unchanged by the migration (df02e72ba5a4221c7718508aac75d127 vs df02e72ba5a4221c7718508aac75d127)
[11:53:04] all migration checks passed: {"migrate_seconds": 15.6}
