[05:33:07] puredriver-1: cinderci-fa2 (10.241.127.20)
[05:33:08] puredriver-2: cinderci-fa1 (10.241.127.14)
[05:33:08] run prefix 'f106ce-'; assisted peer configured: False
[05:33:11] migration targets: np0000046090@puredriver-1#puredriver-1 -> np0000046090@puredriver-2#puredriver-2
[05:33:11] driver under test has no assisted migration support; only the generic-path migration is exercised
[05:33:11] === phase: migrate
[05:33:17]   volume 07add4e1-8a1c-4ff4-96d1-1e6181a5b004: status=downloading migstat=None host=np0000046090@puredriver-1#puredriver-1
[05:33:42]   volume 07add4e1-8a1c-4ff4-96d1-1e6181a5b004: status=available migstat=None host=np0000046090@puredriver-1#puredriver-1
[05:33:42]   ok: f106ce-07add4e1-8a1c-4ff4-96d1-1e6181a5b004-cinder exists on cinderci-fa2 before migration
[05:33:45]   volume 07add4e1-8a1c-4ff4-96d1-1e6181a5b004: status=available migstat=None host=np0000046090@puredriver-1#puredriver-1
[05:34:02]   volume 07add4e1-8a1c-4ff4-96d1-1e6181a5b004: status=available migstat=None host=np0000046090@puredriver-1#puredriver-1
[05:34:03]   mig-before-f106ce-img: df02e72ba5a4221c7718508aac75d127
[05:34:06]   volume 07add4e1-8a1c-4ff4-96d1-1e6181a5b004: status=available migstat=migrating host=np0000046090@puredriver-1#puredriver-1
[05:34:37]   volume 07add4e1-8a1c-4ff4-96d1-1e6181a5b004: status=available migstat=success host=np0000046090@puredriver-2#puredriver-2
[05:34:37]   migrated in 34s
[05:34:37]   ok: no assisted path without a configured peer
[05:34:37]   ok: no replica snapshot left on cinderci-fa1
[05:34:54]   volume 07add4e1-8a1c-4ff4-96d1-1e6181a5b004: status=available migstat=success host=np0000046090@puredriver-2#puredriver-2
[05:34:55]   mig-after-f106ce-img: df02e72ba5a4221c7718508aac75d127
[05:34:55]   ok: volume content unchanged by the migration (df02e72ba5a4221c7718508aac75d127 vs df02e72ba5a4221c7718508aac75d127)
[05:34:59] all migration checks passed: {"migrate_seconds": 34.2}
