[12:37:55] puredriver-1: cinderci-fa2 (10.241.127.20)
[12:37:55] puredriver-2: cinderci-fa1 (10.241.127.14)
[12:37:55] run prefix '275b22-'; assisted peer configured: False
[12:37:59] migration targets: np0000047107@puredriver-1#puredriver-1 -> np0000047107@puredriver-2#puredriver-2
[12:37:59] driver under test has no assisted migration support; only the generic-path migration is exercised
[12:37:59] === phase: migrate
[12:38:05]   volume 7ac23a28-ce57-4774-a81f-fdfca6d68796: status=downloading migstat=None host=np0000047107@puredriver-1#puredriver-1
[12:38:31]   volume 7ac23a28-ce57-4774-a81f-fdfca6d68796: status=available migstat=None host=np0000047107@puredriver-1#puredriver-1
[12:38:31]   ok: 275b22-7ac23a28-ce57-4774-a81f-fdfca6d68796-cinder exists on cinderci-fa2 before migration
[12:38:34]   volume 7ac23a28-ce57-4774-a81f-fdfca6d68796: status=available migstat=None host=np0000047107@puredriver-1#puredriver-1
[12:38:51]   volume 7ac23a28-ce57-4774-a81f-fdfca6d68796: status=available migstat=None host=np0000047107@puredriver-1#puredriver-1
[12:38:52]   mig-before-275b22-img: df02e72ba5a4221c7718508aac75d127
[12:38:55]   volume 7ac23a28-ce57-4774-a81f-fdfca6d68796: status=available migstat=migrating host=np0000047107@puredriver-1#puredriver-1
[12:39:33]   volume 7ac23a28-ce57-4774-a81f-fdfca6d68796: status=available migstat=success host=np0000047107@puredriver-2#puredriver-2
[12:39:33]   migrated in 41s
[12:39:33]   ok: no assisted path without a configured peer
[12:39:33]   ok: no replica snapshot left on cinderci-fa1
[12:39:50]   volume 7ac23a28-ce57-4774-a81f-fdfca6d68796: status=available migstat=success host=np0000047107@puredriver-2#puredriver-2
[12:39:52]   mig-after-275b22-img: df02e72ba5a4221c7718508aac75d127
[12:39:52]   ok: volume content unchanged by the migration (df02e72ba5a4221c7718508aac75d127 vs df02e72ba5a4221c7718508aac75d127)
[12:39:56] all migration checks passed: {"migrate_seconds": 40.9}
