[16:11:32] puredriver-1: cinderci-fa2 (10.241.127.20)
[16:11:32] puredriver-2: cinderci-fa1 (10.241.127.14)
[16:11:32] run prefix '16f577-'; assisted peer configured: False
[16:11:36] migration targets: np0000047129@puredriver-1#puredriver-1 -> np0000047129@puredriver-2#puredriver-2
[16:11:36] driver under test has no assisted migration support; only the generic-path migration is exercised
[16:11:36] === phase: migrate
[16:11:41]   volume 926548e1-3a95-4049-ba5c-e48ae9808193: status=downloading migstat=None host=np0000047129@puredriver-1#puredriver-1
[16:12:06]   volume 926548e1-3a95-4049-ba5c-e48ae9808193: status=available migstat=None host=np0000047129@puredriver-1#puredriver-1
[16:12:06]   ok: 16f577-926548e1-3a95-4049-ba5c-e48ae9808193-cinder exists on cinderci-fa2 before migration
[16:12:09]   volume 926548e1-3a95-4049-ba5c-e48ae9808193: status=available migstat=None host=np0000047129@puredriver-1#puredriver-1
[16:12:25]   volume 926548e1-3a95-4049-ba5c-e48ae9808193: status=available migstat=None host=np0000047129@puredriver-1#puredriver-1
[16:12:27]   mig-before-16f577-img: df02e72ba5a4221c7718508aac75d127
[16:12:29]   volume 926548e1-3a95-4049-ba5c-e48ae9808193: status=available migstat=migrating host=np0000047129@puredriver-1#puredriver-1
[16:12:42]   volume 926548e1-3a95-4049-ba5c-e48ae9808193: status=available migstat=success host=np0000047129@puredriver-2#puredriver-2
[16:12:42]   migrated in 15s
[16:12:42]   ok: no assisted path without a configured peer
[16:12:42]   ok: no replica snapshot left on cinderci-fa1
[16:12:58]   volume 926548e1-3a95-4049-ba5c-e48ae9808193: status=available migstat=success host=np0000047129@puredriver-2#puredriver-2
[16:12:59]   mig-after-16f577-img: df02e72ba5a4221c7718508aac75d127
[16:12:59]   ok: volume content unchanged by the migration (df02e72ba5a4221c7718508aac75d127 vs df02e72ba5a4221c7718508aac75d127)
[16:13:03] all migration checks passed: {"migrate_seconds": 15.1}
