[02:12:20] puredriver-1: cinderci-fa2 (10.241.127.20)
[02:12:21] puredriver-2: cinderci-fa1 (10.241.127.14)
[02:12:21] run prefix '442e82-'; assisted peer configured: False
[02:12:25] migration targets: np0000047044@puredriver-1#puredriver-1 -> np0000047044@puredriver-2#puredriver-2
[02:12:25] driver under test has no assisted migration support; only the generic-path migration is exercised
[02:12:25] === phase: migrate
[02:12:30]   volume 92c70cdb-08df-4992-96eb-3ea99e7aaf26: status=downloading migstat=None host=np0000047044@puredriver-1#puredriver-1
[02:12:55]   volume 92c70cdb-08df-4992-96eb-3ea99e7aaf26: status=available migstat=None host=np0000047044@puredriver-1#puredriver-1
[02:12:55]   ok: 442e82-92c70cdb-08df-4992-96eb-3ea99e7aaf26-cinder exists on cinderci-fa2 before migration
[02:12:58]   volume 92c70cdb-08df-4992-96eb-3ea99e7aaf26: status=available migstat=None host=np0000047044@puredriver-1#puredriver-1
[02:13:15]   volume 92c70cdb-08df-4992-96eb-3ea99e7aaf26: status=available migstat=None host=np0000047044@puredriver-1#puredriver-1
[02:13:16]   mig-before-442e82-img: df02e72ba5a4221c7718508aac75d127
[02:13:19]   volume 92c70cdb-08df-4992-96eb-3ea99e7aaf26: status=available migstat=migrating host=np0000047044@puredriver-1#puredriver-1
[02:13:31]   volume 92c70cdb-08df-4992-96eb-3ea99e7aaf26: status=available migstat=success host=np0000047044@puredriver-2#puredriver-2
[02:13:31]   migrated in 15s
[02:13:31]   ok: no assisted path without a configured peer
[02:13:31]   ok: no replica snapshot left on cinderci-fa1
[02:13:48]   volume 92c70cdb-08df-4992-96eb-3ea99e7aaf26: status=available migstat=success host=np0000047044@puredriver-2#puredriver-2
[02:13:50]   mig-after-442e82-img: df02e72ba5a4221c7718508aac75d127
[02:13:50]   ok: volume content unchanged by the migration (df02e72ba5a4221c7718508aac75d127 vs df02e72ba5a4221c7718508aac75d127)
[02:13:54] all migration checks passed: {"migrate_seconds": 15.3}
