[05:29:49] puredriver-1: cinderci-fa2 (10.241.127.20)
[05:29:49] puredriver-2: cinderci-fa1 (10.241.127.14)
[05:29:49] run prefix '111480-'; assisted peer configured: False
[05:29:53] migration targets: np0000046000@puredriver-1#puredriver-1 -> np0000046000@puredriver-2#puredriver-2
[05:29:53] driver under test has no assisted migration support; only the generic-path migration is exercised
[05:29:53] === phase: migrate
[05:29:58]   volume ad78e1d9-c41a-4472-872b-bac22e1b6b98: status=downloading migstat=None host=np0000046000@puredriver-1#puredriver-1
[05:30:23]   volume ad78e1d9-c41a-4472-872b-bac22e1b6b98: status=available migstat=None host=np0000046000@puredriver-1#puredriver-1
[05:30:24]   ok: 111480-ad78e1d9-c41a-4472-872b-bac22e1b6b98-cinder exists on cinderci-fa2 before migration
[05:30:26]   volume ad78e1d9-c41a-4472-872b-bac22e1b6b98: status=available migstat=None host=np0000046000@puredriver-1#puredriver-1
[05:30:43]   volume ad78e1d9-c41a-4472-872b-bac22e1b6b98: status=available migstat=None host=np0000046000@puredriver-1#puredriver-1
[05:30:44]   mig-before-111480-img: df02e72ba5a4221c7718508aac75d127
[05:30:47]   volume ad78e1d9-c41a-4472-872b-bac22e1b6b98: status=available migstat=migrating host=np0000046000@puredriver-1#puredriver-1
[05:31:24]   volume ad78e1d9-c41a-4472-872b-bac22e1b6b98: status=available migstat=success host=np0000046000@puredriver-2#puredriver-2
[05:31:24]   migrated in 40s
[05:31:24]   ok: no assisted path without a configured peer
[05:31:25]   ok: no replica snapshot left on cinderci-fa1
[05:31:41]   volume ad78e1d9-c41a-4472-872b-bac22e1b6b98: status=available migstat=success host=np0000046000@puredriver-2#puredriver-2
[05:31:42]   mig-after-111480-img: df02e72ba5a4221c7718508aac75d127
[05:31:42]   ok: volume content unchanged by the migration (df02e72ba5a4221c7718508aac75d127 vs df02e72ba5a4221c7718508aac75d127)
[05:31:46] all migration checks passed: {"migrate_seconds": 40.2}
