[10:12:53] puredriver-1: cinderci-fa2 (10.241.127.20)
[10:12:53] puredriver-2: cinderci-fa1 (10.241.127.14)
[10:12:53] run prefix '8c9d38-'; assisted peer configured: False
[10:12:57] migration targets: np0000047102@puredriver-1#puredriver-1 -> np0000047102@puredriver-2#puredriver-2
[10:12:57] driver under test has no assisted migration support; only the generic-path migration is exercised
[10:12:57] === phase: migrate
[10:13:03]   volume 27052ae9-c6c1-40e3-bf46-bd1801b2fe82: status=downloading migstat=None host=np0000047102@puredriver-1#puredriver-1
[10:13:29]   volume 27052ae9-c6c1-40e3-bf46-bd1801b2fe82: status=available migstat=None host=np0000047102@puredriver-1#puredriver-1
[10:13:29]   ok: 8c9d38-27052ae9-c6c1-40e3-bf46-bd1801b2fe82-cinder exists on cinderci-fa2 before migration
[10:13:31]   volume 27052ae9-c6c1-40e3-bf46-bd1801b2fe82: status=available migstat=None host=np0000047102@puredriver-1#puredriver-1
[10:13:48]   volume 27052ae9-c6c1-40e3-bf46-bd1801b2fe82: status=available migstat=None host=np0000047102@puredriver-1#puredriver-1
[10:13:49]   mig-before-8c9d38-img: df02e72ba5a4221c7718508aac75d127
[10:13:52]   volume 27052ae9-c6c1-40e3-bf46-bd1801b2fe82: status=available migstat=migrating host=np0000047102@puredriver-1#puredriver-1
[10:14:23]   volume 27052ae9-c6c1-40e3-bf46-bd1801b2fe82: status=available migstat=success host=np0000047102@puredriver-2#puredriver-2
[10:14:23]   migrated in 34s
[10:14:23]   ok: no assisted path without a configured peer
[10:14:23]   ok: no replica snapshot left on cinderci-fa1
[10:14:39]   volume 27052ae9-c6c1-40e3-bf46-bd1801b2fe82: status=available migstat=success host=np0000047102@puredriver-2#puredriver-2
[10:14:41]   mig-after-8c9d38-img: df02e72ba5a4221c7718508aac75d127
[10:14:41]   ok: volume content unchanged by the migration (df02e72ba5a4221c7718508aac75d127 vs df02e72ba5a4221c7718508aac75d127)
[10:14:45] all migration checks passed: {"migrate_seconds": 33.9}
