[05:35:03] puredriver-1: cinderci-fa2 (10.241.127.20)
[05:35:04] puredriver-2: cinderci-fa1 (10.241.127.14)
[05:35:04] run prefix 'd0b3e1-'; assisted peer configured: False
[05:35:07] migration targets: np0000045703@puredriver-1#puredriver-1 -> np0000045703@puredriver-2#puredriver-2
[05:35:07] driver under test has no assisted migration support; only the generic-path migration is exercised
[05:35:07] === phase: migrate
[05:35:13]   volume a65944e0-8143-4ea1-87bb-28777c3031db: status=downloading migstat=None host=np0000045703@puredriver-1#puredriver-1
[05:35:38]   volume a65944e0-8143-4ea1-87bb-28777c3031db: status=available migstat=None host=np0000045703@puredriver-1#puredriver-1
[05:35:38]   ok: d0b3e1-a65944e0-8143-4ea1-87bb-28777c3031db-cinder exists on cinderci-fa2 before migration
[05:35:41]   volume a65944e0-8143-4ea1-87bb-28777c3031db: status=available migstat=None host=np0000045703@puredriver-1#puredriver-1
[05:35:57]   volume a65944e0-8143-4ea1-87bb-28777c3031db: status=available migstat=None host=np0000045703@puredriver-1#puredriver-1
[05:35:59]   mig-before-d0b3e1-img: df02e72ba5a4221c7718508aac75d127
[05:36:02]   volume a65944e0-8143-4ea1-87bb-28777c3031db: status=available migstat=migrating host=np0000045703@puredriver-1#puredriver-1
[05:36:14]   volume a65944e0-8143-4ea1-87bb-28777c3031db: status=available migstat=success host=np0000045703@puredriver-2#puredriver-2
[05:36:14]   migrated in 15s
[05:36:14]   ok: no assisted path without a configured peer
[05:36:14]   ok: no replica snapshot left on cinderci-fa1
[05:36:31]   volume a65944e0-8143-4ea1-87bb-28777c3031db: status=available migstat=success host=np0000045703@puredriver-2#puredriver-2
[05:36:32]   mig-after-d0b3e1-img: df02e72ba5a4221c7718508aac75d127
[05:36:32]   ok: volume content unchanged by the migration (df02e72ba5a4221c7718508aac75d127 vs df02e72ba5a4221c7718508aac75d127)
[05:36:36] all migration checks passed: {"migrate_seconds": 15.1}
