[23:09:52] puredriver-1: cinderci-fa2 (10.241.127.20)
[23:09:52] puredriver-2: cinderci-fa1 (10.241.127.14)
[23:09:52] run prefix '9039ad-'; assisted peer configured: False
[23:09:57] migration targets: np0000046634@puredriver-1#puredriver-1 -> np0000046634@puredriver-2#puredriver-2
[23:09:57] driver under test has no assisted migration support; only the generic-path migration is exercised
[23:09:57] === phase: migrate
[23:10:02]   volume 3e4d61de-322a-4532-9e93-c3edeeef78c2: status=downloading migstat=None host=np0000046634@puredriver-1#puredriver-1
[23:10:27]   volume 3e4d61de-322a-4532-9e93-c3edeeef78c2: status=available migstat=None host=np0000046634@puredriver-1#puredriver-1
[23:10:27]   ok: 9039ad-3e4d61de-322a-4532-9e93-c3edeeef78c2-cinder exists on cinderci-fa2 before migration
[23:10:30]   volume 3e4d61de-322a-4532-9e93-c3edeeef78c2: status=available migstat=None host=np0000046634@puredriver-1#puredriver-1
[23:10:46]   volume 3e4d61de-322a-4532-9e93-c3edeeef78c2: status=available migstat=None host=np0000046634@puredriver-1#puredriver-1
[23:10:48]   mig-before-9039ad-img: df02e72ba5a4221c7718508aac75d127
[23:10:50]   volume 3e4d61de-322a-4532-9e93-c3edeeef78c2: status=available migstat=migrating host=np0000046634@puredriver-1#puredriver-1
[23:11:28]   volume 3e4d61de-322a-4532-9e93-c3edeeef78c2: status=available migstat=success host=np0000046634@puredriver-2#puredriver-2
[23:11:28]   migrated in 40s
[23:11:28]   ok: no assisted path without a configured peer
[23:11:28]   ok: no replica snapshot left on cinderci-fa1
[23:11:44]   volume 3e4d61de-322a-4532-9e93-c3edeeef78c2: status=available migstat=success host=np0000046634@puredriver-2#puredriver-2
[23:11:46]   mig-after-9039ad-img: df02e72ba5a4221c7718508aac75d127
[23:11:46]   ok: volume content unchanged by the migration (df02e72ba5a4221c7718508aac75d127 vs df02e72ba5a4221c7718508aac75d127)
[23:11:50] all migration checks passed: {"migrate_seconds": 40.2}
