[05:34:39] puredriver-1: cinderci-fa2 (10.241.127.20)
[05:34:39] puredriver-2: cinderci-fa1 (10.241.127.14)
[05:34:39] run prefix '442b13-'; assisted peer configured: False
[05:34:43] migration targets: np0000046329@puredriver-1#puredriver-1 -> np0000046329@puredriver-2#puredriver-2
[05:34:43] driver under test has no assisted migration support; only the generic-path migration is exercised
[05:34:43] === phase: migrate
[05:34:49]   volume 96c77e1d-c88d-409f-b310-32882eab9b57: status=downloading migstat=None host=np0000046329@puredriver-1#puredriver-1
[05:35:14]   volume 96c77e1d-c88d-409f-b310-32882eab9b57: status=available migstat=None host=np0000046329@puredriver-1#puredriver-1
[05:35:14]   ok: 442b13-96c77e1d-c88d-409f-b310-32882eab9b57-cinder exists on cinderci-fa2 before migration
[05:35:17]   volume 96c77e1d-c88d-409f-b310-32882eab9b57: status=available migstat=None host=np0000046329@puredriver-1#puredriver-1
[05:35:34]   volume 96c77e1d-c88d-409f-b310-32882eab9b57: status=available migstat=None host=np0000046329@puredriver-1#puredriver-1
[05:35:35]   mig-before-442b13-img: df02e72ba5a4221c7718508aac75d127
[05:35:38]   volume 96c77e1d-c88d-409f-b310-32882eab9b57: status=available migstat=migrating host=np0000046329@puredriver-1#puredriver-1
[05:36:09]   volume 96c77e1d-c88d-409f-b310-32882eab9b57: status=available migstat=success host=np0000046329@puredriver-2#puredriver-2
[05:36:09]   migrated in 34s
[05:36:09]   ok: no assisted path without a configured peer
[05:36:09]   ok: no replica snapshot left on cinderci-fa1
[05:36:26]   volume 96c77e1d-c88d-409f-b310-32882eab9b57: status=available migstat=success host=np0000046329@puredriver-2#puredriver-2
[05:36:27]   mig-after-442b13-img: df02e72ba5a4221c7718508aac75d127
[05:36:27]   ok: volume content unchanged by the migration (df02e72ba5a4221c7718508aac75d127 vs df02e72ba5a4221c7718508aac75d127)
[05:36:31] all migration checks passed: {"migrate_seconds": 34.1}
