[03:54:06] puredriver-1: cinderci-fa2 (10.241.127.20)
[03:54:06] puredriver-2: cinderci-fa1 (10.241.127.14)
[03:54:06] run prefix '6f2b31-'; assisted peer configured: False
[03:54:10] migration targets: np0000046898@puredriver-1#puredriver-1 -> np0000046898@puredriver-2#puredriver-2
[03:54:10] driver under test has no assisted migration support; only the generic-path migration is exercised
[03:54:10] === phase: migrate
[03:54:15]   volume 486cf5bb-1396-42f7-8744-b9c0c7c08aad: status=downloading migstat=None host=np0000046898@puredriver-1#puredriver-1
[03:54:40]   volume 486cf5bb-1396-42f7-8744-b9c0c7c08aad: status=available migstat=None host=np0000046898@puredriver-1#puredriver-1
[03:54:40]   ok: 6f2b31-486cf5bb-1396-42f7-8744-b9c0c7c08aad-cinder exists on cinderci-fa2 before migration
[03:54:43]   volume 486cf5bb-1396-42f7-8744-b9c0c7c08aad: status=available migstat=None host=np0000046898@puredriver-1#puredriver-1
[03:55:00]   volume 486cf5bb-1396-42f7-8744-b9c0c7c08aad: status=available migstat=None host=np0000046898@puredriver-1#puredriver-1
[03:55:01]   mig-before-6f2b31-img: df02e72ba5a4221c7718508aac75d127
[03:55:04]   volume 486cf5bb-1396-42f7-8744-b9c0c7c08aad: status=available migstat=migrating host=np0000046898@puredriver-1#puredriver-1
[03:55:36]   volume 486cf5bb-1396-42f7-8744-b9c0c7c08aad: status=available migstat=success host=np0000046898@puredriver-2#puredriver-2
[03:55:36]   migrated in 34s
[03:55:36]   ok: no assisted path without a configured peer
[03:55:36]   ok: no replica snapshot left on cinderci-fa1
[03:55:52]   volume 486cf5bb-1396-42f7-8744-b9c0c7c08aad: status=available migstat=success host=np0000046898@puredriver-2#puredriver-2
[03:55:54]   mig-after-6f2b31-img: df02e72ba5a4221c7718508aac75d127
[03:55:54]   ok: volume content unchanged by the migration (df02e72ba5a4221c7718508aac75d127 vs df02e72ba5a4221c7718508aac75d127)
[03:55:58] all migration checks passed: {"migrate_seconds": 34.3}
