[11:03:23] puredriver-1: cinderci-fa2 (10.241.127.20)
[11:03:24] puredriver-2: cinderci-fa1 (10.241.127.14)
[11:03:24] run prefix 'f143aa-'; assisted peer configured: False
[11:03:27] migration targets: np0000046216@puredriver-1#puredriver-1 -> np0000046216@puredriver-2#puredriver-2
[11:03:27] driver under test has no assisted migration support; only the generic-path migration is exercised
[11:03:27] === phase: migrate
[11:03:33]   volume 017b6fa2-cc63-4622-89ed-ddf638ac8250: status=downloading migstat=None host=np0000046216@puredriver-1#puredriver-1
[11:03:58]   volume 017b6fa2-cc63-4622-89ed-ddf638ac8250: status=available migstat=None host=np0000046216@puredriver-1#puredriver-1
[11:03:58]   ok: f143aa-017b6fa2-cc63-4622-89ed-ddf638ac8250-cinder exists on cinderci-fa2 before migration
[11:04:01]   volume 017b6fa2-cc63-4622-89ed-ddf638ac8250: status=available migstat=None host=np0000046216@puredriver-1#puredriver-1
[11:04:18]   volume 017b6fa2-cc63-4622-89ed-ddf638ac8250: status=available migstat=None host=np0000046216@puredriver-1#puredriver-1
[11:04:19]   mig-before-f143aa-img: df02e72ba5a4221c7718508aac75d127
[11:04:22]   volume 017b6fa2-cc63-4622-89ed-ddf638ac8250: status=available migstat=migrating host=np0000046216@puredriver-1#puredriver-1
[11:04:54]   volume 017b6fa2-cc63-4622-89ed-ddf638ac8250: status=available migstat=success host=np0000046216@puredriver-2#puredriver-2
[11:04:54]   migrated in 34s
[11:04:54]   ok: no assisted path without a configured peer
[11:04:54]   ok: no replica snapshot left on cinderci-fa1
[11:05:10]   volume 017b6fa2-cc63-4622-89ed-ddf638ac8250: status=available migstat=success host=np0000046216@puredriver-2#puredriver-2
[11:05:12]   mig-after-f143aa-img: df02e72ba5a4221c7718508aac75d127
[11:05:12]   ok: volume content unchanged by the migration (df02e72ba5a4221c7718508aac75d127 vs df02e72ba5a4221c7718508aac75d127)
[11:05:16] all migration checks passed: {"migrate_seconds": 34.2}
