[14:14:58] puredriver-1: cinderci-fa2 (10.241.127.20)
[14:14:58] puredriver-2: cinderci-fa1 (10.241.127.14)
[14:14:58] run prefix 'd3ce1c-'; assisted peer configured: False
[14:15:02] migration targets: np0000047115@puredriver-1#puredriver-1 -> np0000047115@puredriver-2#puredriver-2
[14:15:02] driver under test has no assisted migration support; only the generic-path migration is exercised
[14:15:02] === phase: migrate
[14:15:07]   volume 71357f34-8db9-47bd-8db5-a95beaf877a1: status=downloading migstat=None host=np0000047115@puredriver-1#puredriver-1
[14:15:33]   volume 71357f34-8db9-47bd-8db5-a95beaf877a1: status=available migstat=None host=np0000047115@puredriver-1#puredriver-1
[14:15:33]   ok: d3ce1c-71357f34-8db9-47bd-8db5-a95beaf877a1-cinder exists on cinderci-fa2 before migration
[14:15:35]   volume 71357f34-8db9-47bd-8db5-a95beaf877a1: status=available migstat=None host=np0000047115@puredriver-1#puredriver-1
[14:15:52]   volume 71357f34-8db9-47bd-8db5-a95beaf877a1: status=available migstat=None host=np0000047115@puredriver-1#puredriver-1
[14:15:53]   mig-before-d3ce1c-img: df02e72ba5a4221c7718508aac75d127
[14:15:56]   volume 71357f34-8db9-47bd-8db5-a95beaf877a1: status=available migstat=migrating host=np0000047115@puredriver-1#puredriver-1
[14:16:27]   volume 71357f34-8db9-47bd-8db5-a95beaf877a1: status=available migstat=success host=np0000047115@puredriver-2#puredriver-2
[14:16:27]   migrated in 34s
[14:16:27]   ok: no assisted path without a configured peer
[14:16:27]   ok: no replica snapshot left on cinderci-fa1
[14:16:44]   volume 71357f34-8db9-47bd-8db5-a95beaf877a1: status=available migstat=success host=np0000047115@puredriver-2#puredriver-2
[14:16:45]   mig-after-d3ce1c-img: df02e72ba5a4221c7718508aac75d127
[14:16:45]   ok: volume content unchanged by the migration (df02e72ba5a4221c7718508aac75d127 vs df02e72ba5a4221c7718508aac75d127)
[14:16:49] all migration checks passed: {"migrate_seconds": 34.0}
