[05:39:11] puredriver-1: cinderci-fa2 (10.241.127.20)
[05:39:11] puredriver-2: cinderci-fa1 (10.241.127.14)
[05:39:11] run prefix 'fc29d0-'; assisted peer configured: False
[05:39:15] migration targets: np0000045716@puredriver-1#puredriver-1 -> np0000045716@puredriver-2#puredriver-2
[05:39:15] driver under test has no assisted migration support; only the generic-path migration is exercised
[05:39:15] === phase: migrate
[05:39:21]   volume 51ea22f3-f49b-4c45-8f9b-c56cb2bd6a6f: status=downloading migstat=None host=np0000045716@puredriver-1#puredriver-1
[05:39:46]   volume 51ea22f3-f49b-4c45-8f9b-c56cb2bd6a6f: status=available migstat=None host=np0000045716@puredriver-1#puredriver-1
[05:39:46]   ok: fc29d0-51ea22f3-f49b-4c45-8f9b-c56cb2bd6a6f-cinder exists on cinderci-fa2 before migration
[05:39:48]   volume 51ea22f3-f49b-4c45-8f9b-c56cb2bd6a6f: status=available migstat=None host=np0000045716@puredriver-1#puredriver-1
[05:40:06]   volume 51ea22f3-f49b-4c45-8f9b-c56cb2bd6a6f: status=available migstat=None host=np0000045716@puredriver-1#puredriver-1
[05:40:07]   mig-before-fc29d0-img: df02e72ba5a4221c7718508aac75d127
[05:40:09]   volume 51ea22f3-f49b-4c45-8f9b-c56cb2bd6a6f: status=available migstat=migrating host=np0000045716@puredriver-1#puredriver-1
[05:40:41]   volume 51ea22f3-f49b-4c45-8f9b-c56cb2bd6a6f: status=available migstat=success host=np0000045716@puredriver-2#puredriver-2
[05:40:41]   migrated in 34s
[05:40:41]   ok: no assisted path without a configured peer
[05:40:41]   ok: no replica snapshot left on cinderci-fa1
[05:40:57]   volume 51ea22f3-f49b-4c45-8f9b-c56cb2bd6a6f: status=available migstat=success host=np0000045716@puredriver-2#puredriver-2
[05:40:59]   mig-after-fc29d0-img: df02e72ba5a4221c7718508aac75d127
[05:40:59]   ok: volume content unchanged by the migration (df02e72ba5a4221c7718508aac75d127 vs df02e72ba5a4221c7718508aac75d127)
[05:41:03] all migration checks passed: {"migrate_seconds": 34.0}
