[00:28:10] puredriver-1: cinderci-fa2 (10.241.127.20)
[00:28:10] puredriver-2: cinderci-fa1 (10.241.127.14)
[00:28:10] run prefix 'a567f4-'; assisted peer configured: False
[00:28:14] migration targets: np0000046641@puredriver-1#puredriver-1 -> np0000046641@puredriver-2#puredriver-2
[00:28:14] driver under test has no assisted migration support; only the generic-path migration is exercised
[00:28:14] === phase: migrate
[00:28:19]   volume 4d23ca0c-a51c-479a-99e9-ddaea47d2967: status=downloading migstat=None host=np0000046641@puredriver-1#puredriver-1
[00:28:45]   volume 4d23ca0c-a51c-479a-99e9-ddaea47d2967: status=available migstat=None host=np0000046641@puredriver-1#puredriver-1
[00:28:45]   ok: a567f4-4d23ca0c-a51c-479a-99e9-ddaea47d2967-cinder exists on cinderci-fa2 before migration
[00:28:47]   volume 4d23ca0c-a51c-479a-99e9-ddaea47d2967: status=available migstat=None host=np0000046641@puredriver-1#puredriver-1
[00:29:05]   volume 4d23ca0c-a51c-479a-99e9-ddaea47d2967: status=available migstat=None host=np0000046641@puredriver-1#puredriver-1
[00:29:06]   mig-before-a567f4-img: df02e72ba5a4221c7718508aac75d127
[00:29:09]   volume 4d23ca0c-a51c-479a-99e9-ddaea47d2967: status=available migstat=migrating host=np0000046641@puredriver-1#puredriver-1
[00:29:21]   volume 4d23ca0c-a51c-479a-99e9-ddaea47d2967: status=available migstat=success host=np0000046641@puredriver-2#puredriver-2
[00:29:21]   migrated in 15s
[00:29:21]   ok: no assisted path without a configured peer
[00:29:21]   ok: no replica snapshot left on cinderci-fa1
[00:29:38]   volume 4d23ca0c-a51c-479a-99e9-ddaea47d2967: status=available migstat=success host=np0000046641@puredriver-2#puredriver-2
[00:29:43]   mig-after-a567f4-img: df02e72ba5a4221c7718508aac75d127
[00:29:43]   ok: volume content unchanged by the migration (df02e72ba5a4221c7718508aac75d127 vs df02e72ba5a4221c7718508aac75d127)
[00:29:48] all migration checks passed: {"migrate_seconds": 15.3}
