[15:28:03] environment: {"hostname": "np0000044970", "kernel": "6.8.0-139-generic", "python": "3.12.3", "nproc": 8, "cpu_model": "Intel(R) Xeon(R) Gold 6326 CPU @ 2.90GHz", "mem_total_kib": 8129364, "cinder_sha": "8313581b64a1b5b9422714f769a04d1a87f110ca", "os-brick_sha": "44c01994e45c781cb5fd3a9a9f9e8e3e5522d04c", "zstd_module": "1.5.7.2", "boto3_module": "1.43.97", "backup_s3_object_size": "52428800 (default)", "backup_s3_block_size": "32768 (default)", "backup_swift_object_size": "52428800 (default)", "backup_swift_block_size": "32768 (default)", "backup_native_threads_pool_size": "60 (default)"}
[15:28:03] 59.3 GiB free under /home/zuul
[15:28:03] generating 4 GiB image at /home/zuul/backup-perf.raw (zero 30%, text 40%, random 30%)
[15:28:09] image written: {'zero': 1236, 'text': 1643, 'random': 1217}
[15:28:09] uploading image to Glance
[15:28:33] creating 10 GiB volume from image cf7cd890-c62b-469e-8cbb-23032f9a3f91
[15:28:37] volume 5e111924-7305-4271-85b3-0594c8291b7e: creating
[15:29:49] volume 5e111924-7305-4271-85b3-0594c8291b7e: downloading
[15:30:02] volume 5e111924-7305-4271-85b3-0594c8291b7e: available
[15:30:03] FlashBlade: creating object-store account cinder-perf-556e41
[15:30:03] FlashBlade: bucket cinder-perf-556e41 ready, key PSFBSAZRBDDAACAKBFPPEJOCNBGLFOAMHNGKLICPG
[15:30:03] === s3-threading-zlib: configuring c-bak
[15:33:12] warning: no "Backup driver was successfully initialized." line seen after restart; continuing anyway
[15:33:22] === s3-threading-zlib: starting backup
[15:33:34] backup 334f99b9-5114-418e-b172-5529eea10111 errored immediately (attempt 1); fail_reason='Service not found for creating backup.'; retrying in 20s
[15:34:06] backup 42c51d47-c407-4045-b15a-9c81cdcdd991 errored immediately (attempt 2); fail_reason='Service not found for creating backup.'; retrying in 20s
[15:34:39] backup 59864634-73ec-4208-910b-549d042c0ebd errored immediately (attempt 3); fail_reason='Service not found for creating backup.'; retrying in 20s
[15:35:11] backup 5a6e9a99-deaa-4d3e-a8fc-e04bc606180b errored immediately (attempt 4); fail_reason='Service not found for creating backup.'; retrying in 20s
[15:35:44] backup 476c539f-4dae-4d3a-b3e3-929383d1efa7 errored immediately (attempt 5); fail_reason='Service not found for creating backup.'; retrying in 20s
[15:36:16] backup 2dd2b0aa-4158-44d9-a36b-0deca2dd7f77 errored immediately (attempt 6); fail_reason='Service not found for creating backup.'; retrying in 20s
[15:36:38] s3-threading-zlib: FAILED: backup create kept failing right after submission
[15:36:38] result: {"target": "s3", "mode": "threading", "algorithm": "zlib", "status": "failed", "error": "backup create kept failing right after submission"}
[15:36:38] === s3-threading-zstd: configuring c-bak
[15:39:47] warning: no "Backup driver was successfully initialized." line seen after restart; continuing anyway
[15:39:57] === s3-threading-zstd: starting backup
[15:40:08] backup 4d18df1a-a2dd-4f57-9372-745c7c583882 errored immediately (attempt 1); fail_reason='Service not found for creating backup.'; retrying in 20s
[15:40:41] backup e2a9cedb-4fde-42f8-a9b6-1949b865803b errored immediately (attempt 2); fail_reason='Service not found for creating backup.'; retrying in 20s
[15:41:13] backup 4dae3f4d-e880-44c2-bf6c-6d40244e95b6 errored immediately (attempt 3); fail_reason='Service not found for creating backup.'; retrying in 20s
[15:41:46] backup 5efd765c-cf81-48a6-88cc-f910013fba6e errored immediately (attempt 4); fail_reason='Service not found for creating backup.'; retrying in 20s
[15:42:18] backup 8d636e47-e0d0-4df3-9b17-8dbb39ca8b47 errored immediately (attempt 5); fail_reason='Service not found for creating backup.'; retrying in 20s
[15:42:51] backup b6d3555a-085d-4a6c-8383-2e64389d3cd3 errored immediately (attempt 6); fail_reason='Service not found for creating backup.'; retrying in 20s
[15:43:12] s3-threading-zstd: FAILED: backup create kept failing right after submission
[15:43:12] result: {"target": "s3", "mode": "threading", "algorithm": "zstd", "status": "failed", "error": "backup create kept failing right after submission"}
[15:43:12] === s3-threading-none: configuring c-bak
[15:46:22] warning: no "Backup driver was successfully initialized." line seen after restart; continuing anyway
[15:46:32] === s3-threading-none: starting backup
[15:46:43] backup ac6c2e53-f561-4b4b-89f8-bd092333e31e errored immediately (attempt 1); fail_reason='Service not found for creating backup.'; retrying in 20s
[15:47:15] backup 65632482-be7d-4f3a-81c4-d8e82d79d677 errored immediately (attempt 2); fail_reason='Service not found for creating backup.'; retrying in 20s
[15:47:48] backup 322d8f4f-0eac-4631-a857-656415652a7b errored immediately (attempt 3); fail_reason='Service not found for creating backup.'; retrying in 20s
[15:48:20] backup 7b198c03-1755-4553-9183-64b35c71335a errored immediately (attempt 4); fail_reason='Service not found for creating backup.'; retrying in 20s
[15:48:53] backup a9fdc4ff-ea59-40ae-a642-953cf06dd8b0 errored immediately (attempt 5); fail_reason='Service not found for creating backup.'; retrying in 20s
[15:49:25] backup b65febe7-ea8d-4468-a586-5e735a4e3471 errored immediately (attempt 6); fail_reason='Service not found for creating backup.'; retrying in 20s
[15:49:46] s3-threading-none: FAILED: backup create kept failing right after submission
[15:49:46] result: {"target": "s3", "mode": "threading", "algorithm": "none", "status": "failed", "error": "backup create kept failing right after submission"}
[15:49:46] scrubbed S3 credentials from cinder.conf
[15:49:47] FlashBlade: bucket destroy ok
[15:49:47] FlashBlade: bucket eradicate ok
[15:49:47] FlashBlade: access key delete ok
[15:49:47] FlashBlade: user delete ok
[15:49:47] FlashBlade: account delete ok
# cinder-backup chunked driver measurement

cinder 8313581b64 on Intel(R) Xeon(R) Gold 6326 CPU @ 2.90GHz x8, kernel 6.8.0-139-generic, python 3.12.3, zstd module 1.5.7.2, boto3 1.43.97.
S3 chunk 52428800 (default) bytes, sha block 32768 (default) bytes; S3 target is the lab FlashBlade over the network, Swift (if run) is on the same node.
volume 10 GiB; image 4 GiB = 1236 zero / 1643 text / 1217 random MiB blocks; the rest of the volume is zeros.

| target | mode | algorithm | wall s | MiB/s | chunks | ratio | read+sha+refresh med s | compress med s | upload+md5 med s | loop share r/c/u % | cpu us/sy/id % |
|---|---|---|---:|---:|---:|---:|---:|---:|---:|---|---|
| s3 | threading | zlib |  |  |  |  |  |  |  | // | // | FAILED: backup create kept failing right after submission
| s3 | threading | zstd |  |  |  |  |  |  |  | // | // | FAILED: backup create kept failing right after submission
| s3 | threading | none |  |  |  |  |  |  |  | // | // | FAILED: backup create kept failing right after submission

Stage medians are per chunk.  "loop share" is the fraction of the chunk loop spent reading+hashing, compressing and uploading; the driver does these strictly one after another, so their sum is the loop.

