[16:09:13] puredriver-1: cinderci-fa2 (10.241.127.20)
[16:09:13] puredriver-2: cinderci-fa1 (10.241.127.14)
[16:09:13] run prefix 'f7986d-'; assisted peer configured: False
[16:09:18] migration targets: np0000046787@puredriver-1#puredriver-1 -> np0000046787@puredriver-2#puredriver-2
[16:09:18] driver under test has no assisted migration support; only the generic-path migration is exercised
[16:09:18] === phase: migrate
[16:09:23]   volume a0cf336e-0699-443f-968b-9663f0a6079b: status=downloading migstat=None host=np0000046787@puredriver-1#puredriver-1
[16:09:49]   volume a0cf336e-0699-443f-968b-9663f0a6079b: status=available migstat=None host=np0000046787@puredriver-1#puredriver-1
[16:09:49]   ok: f7986d-a0cf336e-0699-443f-968b-9663f0a6079b-cinder exists on cinderci-fa2 before migration
[16:09:52]   volume a0cf336e-0699-443f-968b-9663f0a6079b: status=available migstat=None host=np0000046787@puredriver-1#puredriver-1
[16:10:09]   volume a0cf336e-0699-443f-968b-9663f0a6079b: status=available migstat=None host=np0000046787@puredriver-1#puredriver-1
[16:10:10]   mig-before-f7986d-img: df02e72ba5a4221c7718508aac75d127
[16:10:13]   volume a0cf336e-0699-443f-968b-9663f0a6079b: status=available migstat=migrating host=np0000046787@puredriver-1#puredriver-1
[16:10:51]   volume a0cf336e-0699-443f-968b-9663f0a6079b: status=available migstat=success host=np0000046787@puredriver-2#puredriver-2
[16:10:51]   migrated in 41s
[16:10:51]   ok: no assisted path without a configured peer
[16:10:51]   ok: no replica snapshot left on cinderci-fa1
[16:11:08]   volume a0cf336e-0699-443f-968b-9663f0a6079b: status=available migstat=success host=np0000046787@puredriver-2#puredriver-2
[16:11:10]   mig-after-f7986d-img: df02e72ba5a4221c7718508aac75d127
[16:11:10]   ok: volume content unchanged by the migration (df02e72ba5a4221c7718508aac75d127 vs df02e72ba5a4221c7718508aac75d127)
[16:11:14] all migration checks passed: {"migrate_seconds": 40.8}
