[01:44:45] puredriver-1: cinderci-fa2 (10.241.127.20)
[01:44:45] puredriver-2: cinderci-fa1 (10.241.127.14)
[01:44:45] run prefix 'bea630-'; assisted peer configured: False
[01:44:49] migration targets: np0000046648@puredriver-1#puredriver-1 -> np0000046648@puredriver-2#puredriver-2
[01:44:49] driver under test has no assisted migration support; only the generic-path migration is exercised
[01:44:49] === phase: migrate
[01:44:54]   volume 883cf075-8815-4677-a19b-41633072e185: status=downloading migstat=None host=np0000046648@puredriver-1#puredriver-1
[01:45:25]   volume 883cf075-8815-4677-a19b-41633072e185: status=available migstat=None host=np0000046648@puredriver-1#puredriver-1
[01:45:25]   ok: bea630-883cf075-8815-4677-a19b-41633072e185-cinder exists on cinderci-fa2 before migration
[01:45:28]   volume 883cf075-8815-4677-a19b-41633072e185: status=available migstat=None host=np0000046648@puredriver-1#puredriver-1
[01:45:45]   volume 883cf075-8815-4677-a19b-41633072e185: status=available migstat=None host=np0000046648@puredriver-1#puredriver-1
[01:45:46]   mig-before-bea630-img: df02e72ba5a4221c7718508aac75d127
[01:45:49]   volume 883cf075-8815-4677-a19b-41633072e185: status=available migstat=migrating host=np0000046648@puredriver-1#puredriver-1
[01:46:20]   volume 883cf075-8815-4677-a19b-41633072e185: status=available migstat=success host=np0000046648@puredriver-2#puredriver-2
[01:46:20]   migrated in 34s
[01:46:20]   ok: no assisted path without a configured peer
[01:46:20]   ok: no replica snapshot left on cinderci-fa1
[01:46:37]   volume 883cf075-8815-4677-a19b-41633072e185: status=available migstat=success host=np0000046648@puredriver-2#puredriver-2
[01:46:38]   mig-after-bea630-img: df02e72ba5a4221c7718508aac75d127
[01:46:38]   ok: volume content unchanged by the migration (df02e72ba5a4221c7718508aac75d127 vs df02e72ba5a4221c7718508aac75d127)
[01:46:42] all migration checks passed: {"migrate_seconds": 34.0}
