[15:42:06] puredriver-1: cinderci-fa2 (10.241.127.20)
[15:42:06] puredriver-2: cinderci-fa1 (10.241.127.14)
[15:42:06] run prefix 'bbc9cf-'; assisted peer configured: False
[15:42:10] migration targets: np0000047270@puredriver-1#puredriver-1 -> np0000047270@puredriver-2#puredriver-2
[15:42:10] driver under test has no assisted migration support; only the generic-path migration is exercised
[15:42:10] === phase: migrate
[15:42:16]   volume 0b0f8e37-90f1-4f9b-84e0-577091b14a7a: status=downloading migstat=None host=np0000047270@puredriver-1#puredriver-1
[15:42:41]   volume 0b0f8e37-90f1-4f9b-84e0-577091b14a7a: status=available migstat=None host=np0000047270@puredriver-1#puredriver-1
[15:42:41]   ok: bbc9cf-0b0f8e37-90f1-4f9b-84e0-577091b14a7a-cinder exists on cinderci-fa2 before migration
[15:42:43]   volume 0b0f8e37-90f1-4f9b-84e0-577091b14a7a: status=available migstat=None host=np0000047270@puredriver-1#puredriver-1
[15:43:00]   volume 0b0f8e37-90f1-4f9b-84e0-577091b14a7a: status=available migstat=None host=np0000047270@puredriver-1#puredriver-1
[15:43:01]   mig-before-bbc9cf-img: df02e72ba5a4221c7718508aac75d127
[15:43:04]   volume 0b0f8e37-90f1-4f9b-84e0-577091b14a7a: status=available migstat=migrating host=np0000047270@puredriver-1#puredriver-1
[15:43:16]   volume 0b0f8e37-90f1-4f9b-84e0-577091b14a7a: status=available migstat=success host=np0000047270@puredriver-2#puredriver-2
[15:43:16]   migrated in 15s
[15:43:16]   ok: no assisted path without a configured peer
[15:43:17]   ok: no replica snapshot left on cinderci-fa1
[15:43:33]   volume 0b0f8e37-90f1-4f9b-84e0-577091b14a7a: status=available migstat=success host=np0000047270@puredriver-2#puredriver-2
[15:43:34]   mig-after-bbc9cf-img: df02e72ba5a4221c7718508aac75d127
[15:43:34]   ok: volume content unchanged by the migration (df02e72ba5a4221c7718508aac75d127 vs df02e72ba5a4221c7718508aac75d127)
[15:43:38] all migration checks passed: {"migrate_seconds": 15.1}
