[06:01:22] puredriver-1: cinderci-fa2 (10.241.127.20)
[06:01:22] puredriver-2: cinderci-fa1 (10.241.127.14)
[06:01:22] run prefix '133aa1-'; assisted peer configured: False
[06:01:26] migration targets: np0000046683@puredriver-1#puredriver-1 -> np0000046683@puredriver-2#puredriver-2
[06:01:26] driver under test has no assisted migration support; only the generic-path migration is exercised
[06:01:26] === phase: migrate
[06:01:32]   volume d3771189-0221-40c9-ab7f-e248db3eddd3: status=downloading migstat=None host=np0000046683@puredriver-1#puredriver-1
[06:01:57]   volume d3771189-0221-40c9-ab7f-e248db3eddd3: status=available migstat=None host=np0000046683@puredriver-1#puredriver-1
[06:01:58]   ok: 133aa1-d3771189-0221-40c9-ab7f-e248db3eddd3-cinder exists on cinderci-fa2 before migration
[06:02:00]   volume d3771189-0221-40c9-ab7f-e248db3eddd3: status=available migstat=None host=np0000046683@puredriver-1#puredriver-1
[06:02:18]   volume d3771189-0221-40c9-ab7f-e248db3eddd3: status=available migstat=None host=np0000046683@puredriver-1#puredriver-1
[06:02:19]   mig-before-133aa1-img: df02e72ba5a4221c7718508aac75d127
[06:02:22]   volume d3771189-0221-40c9-ab7f-e248db3eddd3: status=available migstat=migrating host=np0000046683@puredriver-1#puredriver-1
[06:02:53]   volume d3771189-0221-40c9-ab7f-e248db3eddd3: status=available migstat=success host=np0000046683@puredriver-2#puredriver-2
[06:02:53]   migrated in 34s
[06:02:53]   ok: no assisted path without a configured peer
[06:02:53]   ok: no replica snapshot left on cinderci-fa1
[06:03:10]   volume d3771189-0221-40c9-ab7f-e248db3eddd3: status=available migstat=success host=np0000046683@puredriver-2#puredriver-2
[06:03:11]   mig-after-133aa1-img: df02e72ba5a4221c7718508aac75d127
[06:03:11]   ok: volume content unchanged by the migration (df02e72ba5a4221c7718508aac75d127 vs df02e72ba5a4221c7718508aac75d127)
[06:03:15] all migration checks passed: {"migrate_seconds": 34.1}
