[18:48:06] puredriver-1: cinderci-fa2 (10.241.127.20)
[18:48:06] puredriver-2: cinderci-fa1 (10.241.127.14)
[18:48:06] run prefix '1f03aa-'; assisted peer configured: False
[18:48:10] migration targets: np0000045692@puredriver-1#puredriver-1 -> np0000045692@puredriver-2#puredriver-2
[18:48:10] copy throttle configured: 26214400 B/s, cgroup io:cinder-volume-copy
[18:48:10] driver under test has no assisted migration support; only the generic-path migration is exercised
[18:48:10] === phase: migrate
[18:48:15]   volume 608df642-5770-4acb-add6-8135c897885b: status=downloading migstat=None host=np0000045692@puredriver-1#puredriver-1
[18:48:46]   volume 608df642-5770-4acb-add6-8135c897885b: status=available migstat=None host=np0000045692@puredriver-1#puredriver-1
[18:48:46]   ok: 1f03aa-608df642-5770-4acb-add6-8135c897885b-cinder exists on cinderci-fa2 before migration
[18:48:49]   volume 608df642-5770-4acb-add6-8135c897885b: status=available migstat=None host=np0000045692@puredriver-1#puredriver-1
[18:49:06]   volume 608df642-5770-4acb-add6-8135c897885b: status=available migstat=None host=np0000045692@puredriver-1#puredriver-1
[18:49:07]   mig-before-1f03aa-img: df02e72ba5a4221c7718508aac75d127
[18:49:09]   volume 608df642-5770-4acb-add6-8135c897885b: status=available migstat=migrating host=np0000045692@puredriver-1#puredriver-1
[18:50:00]   volume 608df642-5770-4acb-add6-8135c897885b: status=available migstat=success host=np0000045692@puredriver-2#puredriver-2
[18:50:00]   migrated in 53s
[18:50:00]   ok: no assisted path without a configured peer
[18:50:00]   ok: no replica snapshot left on cinderci-fa1
[18:50:16]   volume 608df642-5770-4acb-add6-8135c897885b: status=available migstat=success host=np0000045692@puredriver-2#puredriver-2
[18:50:18]   mig-after-1f03aa-img: df02e72ba5a4221c7718508aac75d127
[18:50:18]   ok: volume content unchanged by the migration (df02e72ba5a4221c7718508aac75d127 vs df02e72ba5a4221c7718508aac75d127)
[18:50:22] all migration checks passed: {"migrate_seconds": 52.7}
