[22:28:54] puredriver-1: cinderci-fa2 (10.241.127.20)
[22:28:54] puredriver-2: cinderci-fa1 (10.241.127.14)
[22:28:54] run prefix '86b2a1-'; assisted peer configured: False
[22:28:58] migration targets: np0000045942@puredriver-1#puredriver-1 -> np0000045942@puredriver-2#puredriver-2
[22:28:58] driver under test has no assisted migration support; only the generic-path migration is exercised
[22:28:58] === phase: migrate
[22:29:03]   volume e962961e-12cd-4641-ba88-c503f2b6136a: status=downloading migstat=None host=np0000045942@puredriver-1#puredriver-1
[22:29:28]   volume e962961e-12cd-4641-ba88-c503f2b6136a: status=available migstat=None host=np0000045942@puredriver-1#puredriver-1
[22:29:28]   ok: 86b2a1-e962961e-12cd-4641-ba88-c503f2b6136a-cinder exists on cinderci-fa2 before migration
[22:29:31]   volume e962961e-12cd-4641-ba88-c503f2b6136a: status=available migstat=None host=np0000045942@puredriver-1#puredriver-1
[22:29:48]   volume e962961e-12cd-4641-ba88-c503f2b6136a: status=available migstat=None host=np0000045942@puredriver-1#puredriver-1
[22:29:50]   mig-before-86b2a1-img: df02e72ba5a4221c7718508aac75d127
[22:29:52]   volume e962961e-12cd-4641-ba88-c503f2b6136a: status=available migstat=migrating host=np0000045942@puredriver-1#puredriver-1
[22:30:05]   volume e962961e-12cd-4641-ba88-c503f2b6136a: status=available migstat=success host=np0000045942@puredriver-2#puredriver-2
[22:30:05]   migrated in 15s
[22:30:05]   ok: no assisted path without a configured peer
[22:30:05]   ok: no replica snapshot left on cinderci-fa1
[22:30:21]   volume e962961e-12cd-4641-ba88-c503f2b6136a: status=available migstat=success host=np0000045942@puredriver-2#puredriver-2
[22:30:23]   mig-after-86b2a1-img: df02e72ba5a4221c7718508aac75d127
[22:30:23]   ok: volume content unchanged by the migration (df02e72ba5a4221c7718508aac75d127 vs df02e72ba5a4221c7718508aac75d127)
[22:30:27] all migration checks passed: {"migrate_seconds": 15.0}
