[14:28:45] puredriver-1: cinderci-fa2 (10.241.127.20)
[14:28:45] puredriver-2: cinderci-fa1 (10.241.127.14)
[14:28:45] run prefix 'e5ca00-'; assisted peer configured: False
[14:28:49] migration targets: np0000047263@puredriver-1#puredriver-1 -> np0000047263@puredriver-2#puredriver-2
[14:28:49] driver under test has no assisted migration support; only the generic-path migration is exercised
[14:28:49] === phase: migrate
[14:28:54]   volume d7ad9b85-8252-48c7-a3d2-b2898c1607d8: status=downloading migstat=None host=np0000047263@puredriver-1#puredriver-1
[14:29:19]   volume d7ad9b85-8252-48c7-a3d2-b2898c1607d8: status=available migstat=None host=np0000047263@puredriver-1#puredriver-1
[14:29:19]   ok: e5ca00-d7ad9b85-8252-48c7-a3d2-b2898c1607d8-cinder exists on cinderci-fa2 before migration
[14:29:22]   volume d7ad9b85-8252-48c7-a3d2-b2898c1607d8: status=available migstat=None host=np0000047263@puredriver-1#puredriver-1
[14:29:39]   volume d7ad9b85-8252-48c7-a3d2-b2898c1607d8: status=available migstat=None host=np0000047263@puredriver-1#puredriver-1
[14:29:40]   mig-before-e5ca00-img: df02e72ba5a4221c7718508aac75d127
[14:29:43]   volume d7ad9b85-8252-48c7-a3d2-b2898c1607d8: status=available migstat=migrating host=np0000047263@puredriver-1#puredriver-1
[14:30:14]   volume d7ad9b85-8252-48c7-a3d2-b2898c1607d8: status=available migstat=success host=np0000047263@puredriver-2#puredriver-2
[14:30:14]   migrated in 34s
[14:30:14]   ok: no assisted path without a configured peer
[14:30:14]   ok: no replica snapshot left on cinderci-fa1
[14:30:31]   volume d7ad9b85-8252-48c7-a3d2-b2898c1607d8: status=available migstat=success host=np0000047263@puredriver-2#puredriver-2
[14:30:32]   mig-after-e5ca00-img: df02e72ba5a4221c7718508aac75d127
[14:30:32]   ok: volume content unchanged by the migration (df02e72ba5a4221c7718508aac75d127 vs df02e72ba5a4221c7718508aac75d127)
[14:30:36] all migration checks passed: {"migrate_seconds": 33.9}
