[05:37:03] puredriver-1: cinderci-fa2 (10.241.127.20)
[05:37:04] puredriver-2: cinderci-fa1 (10.241.127.14)
[05:37:04] run prefix '2c2ae7-'; assisted peer configured: False
[05:37:08] migration targets: np0000045743@puredriver-1#puredriver-1 -> np0000045743@puredriver-2#puredriver-2
[05:37:08] driver under test has no assisted migration support; only the generic-path migration is exercised
[05:37:08] === phase: migrate
[05:37:13]   volume 88c1d933-5aaf-49ef-87b2-b52407030e4f: status=downloading migstat=None host=np0000045743@puredriver-1#puredriver-1
[05:37:38]   volume 88c1d933-5aaf-49ef-87b2-b52407030e4f: status=available migstat=None host=np0000045743@puredriver-1#puredriver-1
[05:37:38]   ok: 2c2ae7-88c1d933-5aaf-49ef-87b2-b52407030e4f-cinder exists on cinderci-fa2 before migration
[05:37:41]   volume 88c1d933-5aaf-49ef-87b2-b52407030e4f: status=available migstat=None host=np0000045743@puredriver-1#puredriver-1
[05:37:58]   volume 88c1d933-5aaf-49ef-87b2-b52407030e4f: status=available migstat=None host=np0000045743@puredriver-1#puredriver-1
[05:37:59]   mig-before-2c2ae7-img: df02e72ba5a4221c7718508aac75d127
[05:38:02]   volume 88c1d933-5aaf-49ef-87b2-b52407030e4f: status=available migstat=migrating host=np0000045743@puredriver-1#puredriver-1
[05:38:33]   volume 88c1d933-5aaf-49ef-87b2-b52407030e4f: status=available migstat=success host=np0000045743@puredriver-2#puredriver-2
[05:38:33]   migrated in 34s
[05:38:34]   ok: no assisted path without a configured peer
[05:38:34]   ok: no replica snapshot left on cinderci-fa1
[05:38:50]   volume 88c1d933-5aaf-49ef-87b2-b52407030e4f: status=available migstat=success host=np0000045743@puredriver-2#puredriver-2
[05:38:51]   mig-after-2c2ae7-img: df02e72ba5a4221c7718508aac75d127
[05:38:51]   ok: volume content unchanged by the migration (df02e72ba5a4221c7718508aac75d127 vs df02e72ba5a4221c7718508aac75d127)
[05:38:55] all migration checks passed: {"migrate_seconds": 34.0}
